
> toktickit-client@1.0.0 test
> vitest run --run


 RUN  v2.1.9 D:/toktickit/client

stderr | tests/lab-03/StaffTicketDetail.test.tsx > StaffTicketDetail UI Tests (UI-06, UI-07, UI-08) > UI-06: Staff Detail renders read-only info vs operational panels > renders loading state initially
Warning: An update to StaffTicketDetail inside a test was not wrapped in act(...).

When testing, code that causes React state updates should be wrapped into act(...):

act(() => {
  /* fire events that update state */
});
/* assert on the output */

This ensures that you're testing the behavior the user would see in the browser. Learn more at https://reactjs.org/link/wrap-tests-with-act
    at StaffTicketDetail (D:\toktickit\client\src\pages\StaffTicketDetail.tsx:16:30)
Warning: An update to StaffTicketDetail inside a test was not wrapped in act(...).

When testing, code that causes React state updates should be wrapped into act(...):

act(() => {
  /* fire events that update state */
});
/* assert on the output */

This ensures that you're testing the behavior the user would see in the browser. Learn more at https://reactjs.org/link/wrap-tests-with-act
    at StaffTicketDetail (D:\toktickit\client\src\pages\StaffTicketDetail.tsx:16:30)

 ✓ tests/lab-04/Dashboard.test.tsx (5 tests) 1743ms
   ✓ F3 Dashboard UI-L4-01/02/03/08 > requester cards navigate with exact filters and recent ticket goes to owned detail 406ms
   ✓ F3 Dashboard UI-L4-01/02/03/08 > admin uses staffMetrics and user counts, and opens admin detail 302ms
   ✓ F3 Dashboard UI-L4-01/02/03/08 > failed refresh clears old metrics and Retry recovers with explicit empty state 648ms
stderr | tests/lab-03/StaffTicketQueue.test.tsx > StaffTicketQueue UI Tests (UI-04, UI-05) > UI-05: Queue loading, empty, and error states > renders loading spinner while fetching
Warning: An update to StaffTicketQueue inside a test was not wrapped in act(...).

When testing, code that causes React state updates should be wrapped into act(...):

act(() => {
  /* fire events that update state */
});
/* assert on the output */

This ensures that you're testing the behavior the user would see in the browser. Learn more at https://reactjs.org/link/wrap-tests-with-act
    at StaffTicketQueue (D:\toktickit\client\src\pages\StaffTicketQueue.tsx:9:29)
Warning: An update to StaffTicketQueue inside a test was not wrapped in act(...).

When testing, code that causes React state updates should be wrapped into act(...):

act(() => {
  /* fire events that update state */
});
/* assert on the output */

This ensures that you're testing the behavior the user would see in the browser. Learn more at https://reactjs.org/link/wrap-tests-with-act
    at StaffTicketQueue (D:\toktickit\client\src\pages\StaffTicketQueue.tsx:9:29)

 ✓ tests/lab-02/RequesterSelection.test.tsx (4 tests) 194ms
 ✓ tests/lab-02/RouteGuard.test.tsx (4 tests) 2099ms
   ✓ UI-10 (AC-02): RouteGuard Component > UI-10: intercepts and renders Requester Selection when no requester is in context 655ms
   ✓ UI-10 (AC-02): RouteGuard Component > UI-10 (AC-13): intercepts a direct protected URL to Login screen when session is unauthenticated 892ms
   ✓ UI-10 (AC-02): RouteGuard Component > UI-10 (AC-13): restores the requested protected URL when an authenticated session exists 495ms
 ✓ tests/lab-03/StaffTicketDetail.test.tsx (12 tests) 3700ms
   ✓ StaffTicketDetail UI Tests (UI-06, UI-07, UI-08) > UI-06: Staff Detail renders read-only info vs operational panels > renders ticket details after load 929ms
   ✓ StaffTicketDetail UI Tests (UI-06, UI-07, UI-08) > UI-06: Staff Detail renders read-only info vs operational panels > renders operational actions panel 429ms
   ✓ StaffTicketDetail UI Tests (UI-06, UI-07, UI-08) > UI-08: Public comments and internal notes panels > back button calls onBack callback 524ms
 ✓ tests/lab-02/RequesterTicketDetail.test.tsx (5 tests) 3595ms
   ✓ RequesterTicketDetail (UI-07, UI-15, STYLE-03) > UI-07: renders all ticket fields as read-only, displays IT Priority, and shows Unassigned for null owner 1392ms
   ✓ RequesterTicketDetail (UI-07, UI-15, STYLE-03) > UI-15: renders 403 Access Denied state safely with Back link 1028ms
   ✓ RequesterTicketDetail (UI-07, UI-15, STYLE-03) > UI-15: renders unexpected failure state with retry button 579ms
   ✓ RequesterTicketDetail (UI-07, UI-15, STYLE-03) > STYLE-03: read-only fields use --zg-readonly-bg style 401ms
 ✓ tests/lab-03/StaffTicketQueue.test.tsx (7 tests) 3838ms
   ✓ StaffTicketQueue UI Tests (UI-04, UI-05) > UI-04: Queue renders filter controls and debounced search > shows loading state initially then renders queue table 805ms
   ✓ StaffTicketQueue UI Tests (UI-04, UI-05) > UI-04: Queue renders filter controls and debounced search > verifies fetchStaffTickets was called 333ms
   ✓ StaffTicketQueue UI Tests (UI-04, UI-05) > UI-05: Queue loading, empty, and error states > renders empty state when no tickets exist 318ms
   ✓ StaffTicketQueue UI Tests (UI-04, UI-05) > UI-05: Queue loading, empty, and error states > renders error state on fetch failure 315ms
   ✓ StaffTicketQueue UI Tests (UI-04, UI-05) > UI-05: Queue loading, empty, and error states > shows clear-filters button when search is non-empty 1574ms
 ✓ tests/lab-04/DashboardRouting.test.tsx (3 tests) 77ms
 ✓ tests/lab-04/ZenGreenTokens.test.tsx (2 tests) 31ms
 ✓ tests/lab-03/RequesterTicketDetailP10.test.tsx (4 tests) 4488ms
   ✓ RequesterTicketDetail P10 Features (Public Comments & Problem Appears Resolved) > renders public comments panel and loads existing comments 755ms
   ✓ RequesterTicketDetail P10 Features (Public Comments & Problem Appears Resolved) > allows submitting a new public comment 3003ms
   ✓ RequesterTicketDetail P10 Features (Public Comments & Problem Appears Resolved) > renders Problem Appears Resolved button when status allows it and handles click 544ms
 ✓ tests/lab-02/AttachmentSection.test.tsx (5 tests) 4983ms
   ✓ AttachmentSection (UI-08, UI-09, UI-16) > UI-08: soft-removed attachment renders with strikethrough, removal reason, and no download button 880ms
   ✓ AttachmentSection (UI-08, UI-09, UI-16) > UI-09: displays (1/5 Active) and disables file picker when 5 active attachments exist 370ms
   ✓ AttachmentSection (UI-08, UI-09, UI-16) > UI-16: uploading state shows progress indicator with no actions 851ms
   ✓ AttachmentSection (UI-08, UI-09, UI-16) > UI-16: server 410 on download turns active file into Unavailable with no download button 410ms
   ✓ AttachmentSection (UI-08, UI-09, UI-16) > handles soft removal with reason dialog 2471ms
 ✓ tests/lab-01/App.test.tsx (3 tests) 83ms
 ✓ tests/lab-04/ActionsTaken.test.tsx (15 tests) 5197ms
   ✓ Phase F2 / L4-P05: Actions Taken UI in Ticket Detail > UI-L4-04: Actions Taken section renders under Ticket Detail page with actions list 930ms
   ✓ Phase F2 / L4-P05: Actions Taken UI in Ticket Detail > UI-L4-05: Log Action Taken modal opens with focus trap, validates max datetime and required result on complete 1865ms
   ✓ Phase F2 / L4-P05: Actions Taken UI in Ticket Detail > UI-L4-06: Complete Action Taken modal requires result and calls complete handler 478ms
   ✓ Phase F2 / L4-P05: Actions Taken UI in Ticket Detail > UI-L4-06b: completing an action explicitly clears deleted attachment notes 476ms
   ✓ Phase F2 / L4-P05: Actions Taken UI in Ticket Detail > UI-L4-18: UUID fallback generates valid keys and preserves key/data on retry 1157ms
 ✓ tests/lab-04/TicketWorkflow.test.tsx (5 tests) 5554ms
   ✓ Phase F2 / L4-P06: Ticket Workflow UI Tests (UI-L4-09, UI-L4-10) > UI-L4-09: TicketWorkflow: Resolution gate error alert banner on modal when 0 actions (422) 1145ms
   ✓ Phase F2 / L4-P06: Ticket Workflow UI Tests (UI-L4-09, UI-L4-10) > UI-L4-10: TicketWorkflow: 409 conflict renders reload banner 1837ms
   ✓ Phase F2 / L4-P06: Ticket Workflow UI Tests (UI-L4-09, UI-L4-10) > UI-L4-16: assignee lookup failure is visible, blocks assignment, and Retry restores choices 1726ms
   ✓ Phase F2 / L4-P06: Ticket Workflow UI Tests (UI-L4-09, UI-L4-10) > UI-L4-17: create success remains visible after ticket reload 710ms
 ✓ tests/lab-04/AppShellAccessibility.test.tsx (3 tests) 131ms
stderr | tests/lab-04/AppShellAccessibility.test.tsx
Error: Not implemented: navigation (except hash changes)
    at module.exports (D:\toktickit\client\node_modules\jsdom\lib\jsdom\browser\not-implemented.js:9:17)
    at navigateFetch (D:\toktickit\client\node_modules\jsdom\lib\jsdom\living\window\navigation.js:77:3)
    at exports.navigate (D:\toktickit\client\node_modules\jsdom\lib\jsdom\living\window\navigation.js:55:3)
    at Timeout._onTimeout (D:\toktickit\client\node_modules\jsdom\lib\jsdom\living\nodes\HTMLHyperlinkElementUtils-impl.js:81:7)
    at listOnTimeout (node:internal/timers:605:17)
    at processTimers (node:internal/timers:541:7) undefined
Error: Not implemented: navigation (except hash changes)
    at module.exports (D:\toktickit\client\node_modules\jsdom\lib\jsdom\browser\not-implemented.js:9:17)
    at navigateFetch (D:\toktickit\client\node_modules\jsdom\lib\jsdom\living\window\navigation.js:77:3)
    at exports.navigate (D:\toktickit\client\node_modules\jsdom\lib\jsdom\living\window\navigation.js:55:3)
    at Timeout._onTimeout (D:\toktickit\client\node_modules\jsdom\lib\jsdom\living\nodes\HTMLHyperlinkElementUtils-impl.js:81:7)
    at listOnTimeout (node:internal/timers:605:17)
    at processTimers (node:internal/timers:541:7) undefined
Error: Not implemented: navigation (except hash changes)
    at module.exports (D:\toktickit\client\node_modules\jsdom\lib\jsdom\browser\not-implemented.js:9:17)
    at navigateFetch (D:\toktickit\client\node_modules\jsdom\lib\jsdom\living\window\navigation.js:77:3)
    at exports.navigate (D:\toktickit\client\node_modules\jsdom\lib\jsdom\living\window\navigation.js:55:3)
    at Timeout._onTimeout (D:\toktickit\client\node_modules\jsdom\lib\jsdom\living\nodes\HTMLHyperlinkElementUtils-impl.js:81:7)
    at listOnTimeout (node:internal/timers:605:17)
    at processTimers (node:internal/timers:541:7) undefined

 ✓ tests/lab-02/AppShell.test.tsx (1 test) 168ms
 ✓ tests/lab-03/SessionTicketFlow.test.tsx (2 tests) 5893ms
   ✓ Phase F2 / P06 Session Identity in Requester Ticket Flow > loads tickets using authenticated session identity when legacy currentRequester is null 1339ms
   ✓ Phase F2 / P06 Session Identity in Requester Ticket Flow > submits ticket using authenticated session identity when legacy currentRequester is null 4552ms
 ✓ tests/lab-03/Login.test.tsx (5 tests) 5872ms
   ✓ Phase F2 / P06 UI-01, UI-02, UI-03 Login & Navigation Tests > UI-01: Login screen validation on blank submit > renders inline error text below email and password on blank submit without calling API 1947ms
   ✓ Phase F2 / P06 UI-01, UI-02, UI-03 Login & Navigation Tests > UI-02: Login busy state and error alert banners > disables form controls during submit and shows error alert on failure 1906ms
   ✓ Phase F2 / P06 UI-01, UI-02, UI-03 Login & Navigation Tests > UI-02: Login busy state and error alert banners > displays rate-limit error banner on 429 status 1220ms
   ✓ Phase F2 / P06 UI-01, UI-02, UI-03 Login & Navigation Tests > UI-02: Login busy state and error alert banners > calls onSuccess with role and mustChangePassword flag on successful login 781ms
 ✓ tests/lab-02/MyTickets.test.tsx (6 tests) 6498ms
   ✓ My Tickets Screen (UI-05, UI-06, UI-14, STYLE-02) > UI-05: renders distinct Empty State vs. No-Results State with distinct icons, copy, and actions 3435ms
   ✓ My Tickets Screen (UI-05, UI-06, UI-14, STYLE-02) > UI-06: refreshes tickets on requester change without stale data retention (deferred and failure paths) 1481ms
   ✓ My Tickets Screen (UI-05, UI-06, UI-14, STYLE-02) > UI-14: search, all filters (including IT Priority), sort toggle, page size, direct page numbers, Previous/Next, loading, and retry 1304ms
 ✓ tests/lab-03/ChangePassword.test.tsx (4 tests) 8119ms
   ✓ Phase F2 / P06 UI-13 Change Password Screen Tests > renders mandatory alert when user has mustChangePassword: true 537ms
   ✓ Phase F2 / P06 UI-13 Change Password Screen Tests > validates inline errors for empty fields, short password, and mismatched passwords without calling API 3574ms
   ✓ Phase F2 / P06 UI-13 Change Password Screen Tests > calls api.changePassword and onSuccess after successful update 2097ms
   ✓ Phase F2 / P06 UI-13 Change Password Screen Tests > cancels redirect timer and does not invoke onSuccess if unmounted before delay expires 1909ms
 ✓ tests/lab-03/UserManagement.test.tsx (11 tests) 9163ms
   ✓ UserManagement UI Tests (UI-09, UI-10, UI-11, UI-15) > UI-09: User Directory & Search > renders loading state initially 342ms
   ✓ UserManagement UI Tests (UI-09, UI-10, UI-11, UI-15) > UI-09: User Directory & Search > renders user table with all users 648ms
   ✓ UserManagement UI Tests (UI-09, UI-10, UI-11, UI-15) > UI-09: User Directory & Search > displays 'No users match your search' when search yields no results 1929ms
   ✓ UserManagement UI Tests (UI-09, UI-10, UI-11, UI-15) > UI-11: Add User Modal > opens Add User modal when '+ Add User' button is clicked 512ms
   ✓ UserManagement UI Tests (UI-09, UI-10, UI-11, UI-15) > UI-11: Add User Modal > validates required fields and short password 2185ms
   ✓ UserManagement UI Tests (UI-09, UI-10, UI-11, UI-15) > UI-11: Add User Modal > calls createAdminUser and refreshes list on valid submission 930ms
   ✓ UserManagement UI Tests (UI-09, UI-10, UI-11, UI-15) > UI-15 & Invariants: Edit User & Self-Deactivation > disables Active toggle for logged-in admin with self-deactivation warning 312ms
   ✓ UserManagement UI Tests (UI-09, UI-10, UI-11, UI-15) > UI-15 & Invariants: Edit User & Self-Deactivation > allows editing other users and shows unassigned count notification 458ms
   ✓ UserManagement UI Tests (UI-09, UI-10, UI-11, UI-15) > Reset Password Modal > validates temporary password and calls resetAdminUserPassword 778ms
   ✓ UserManagement UI Tests (UI-09, UI-10, UI-11, UI-15) > Reset Password Modal > triggers logout and onNavigateToLogin when administrator performs self-reset 600ms
   ✓ UserManagement UI Tests (UI-09, UI-10, UI-11, UI-15) > Reset Password Modal > triggers logout and onNavigateToLogin when administrator performs self-demotion 464ms
 ✓ tests/lab-02/CreateTicket.test.tsx (9 tests) 10067ms
   ✓ Create Ticket Screen (UI-01 to UI-04, UI-12, UI-13, STYLE-01, STYLE-04) > UI-12: renders read-only system placeholders and loads reference dropdowns 1737ms
   ✓ Create Ticket Screen (UI-01 to UI-04, UI-12, UI-13, STYLE-01, STYLE-04) > UI-01: renders field-level validation errors when submitted empty and prevents API call 1296ms
   ✓ Create Ticket Screen (UI-01 to UI-04, UI-12, UI-13, STYLE-01, STYLE-04) > UI-02: disables submit button and all form controls during pending submission 3105ms
   ✓ Create Ticket Screen (UI-01 to UI-04, UI-12, UI-13, STYLE-01, STYLE-04) > UI-03: renders failure banner and preserves all entered field values when API fails 740ms
   ✓ Create Ticket Screen (UI-01 to UI-04, UI-12, UI-13, STYLE-01, STYLE-04) > UI-13: displays backend Ticket Number as headline, Ticket Date, and retains requester identity 688ms
   ✓ Create Ticket Screen (UI-01 to UI-04, UI-12, UI-13, STYLE-01, STYLE-04) > UI-18: preserves created Ticket Number on attachment failure and reports failed file with retry path 986ms
   ✓ Create Ticket Screen (UI-01 to UI-04, UI-12, UI-13, STYLE-01, STYLE-04) > UI-18: disables navigation and action buttons while post-create attachments are uploading and displays progress 1112ms

 Test Files  21 passed (21)
      Tests  115 passed (115)
   Start at  22:58:50
   Duration  15.86s (transform 15.56s, setup 6.91s, collect 43.71s, tests 81.49s, environment 32.72s, prepare 3.22s)
