Verified disposable database: toktickit_test_f2_review_1790784843569
[WebServer] (node:71948) Warning: The 'NO_COLOR' env is ignored due to the 'FORCE_COLOR' env being set.
[WebServer] (Use `node --trace-warnings ...` to show where the warning was created)

Running 132 tests using 1 worker

(node:123504) Warning: The 'NO_COLOR' env is ignored due to the 'FORCE_COLOR' env being set.
(Use `node --trace-warnings ...` to show where the warning was created)
  ok   1 [desktop] › e2e\lab-02\requester-ticket-flow.spec.ts:236:3 › Phase 7 — Responsive Layout Tests (RESP-01, RESP-02, RESP-03 per tests.md) › RESP-01: My Tickets at <768px replaces table with card list, buttons full width, and has zero horizontal scroll (1.1s)
  ok   2 [desktop] › e2e\lab-02\requester-ticket-flow.spec.ts:291:3 › Phase 7 — Responsive Layout Tests (RESP-01, RESP-02, RESP-03 per tests.md) › RESP-02: Create Ticket at 768–991px shows two-column classification fields while Summary/Description remain full width, and My Tickets shows compact table (684ms)
  ok   3 [desktop] › e2e\lab-02\requester-ticket-flow.spec.ts:354:3 › Phase 7 — Responsive Layout Tests (RESP-01, RESP-02, RESP-03 per tests.md) › RESP-03: All three screens at ≥992px center content with max width 1200px, no clipped text, and handle long content (745ms)
  ok   4 [desktop] › e2e\lab-02\requester-ticket-flow.spec.ts:436:3 › Phase 7 — Visual Inspection Screenshot Captures (Project-Isolated) › Capture 3 screenshots for current viewport project (desktop, tablet, or mobile) (1.4s)
  ok   5 [desktop] › e2e\lab-02\requester-ticket-flow.spec.ts:467:3 › Phase 8 — End-to-End Integration Flows (E2E-01, E2E-02, E2E-03 per tests.md) › E2E-01: Full happy path — sign in, verify read-only fields, create ticket with attachment, find in My Tickets, sign out and switch account (2.3s)
  ok   6 [desktop] › e2e\lab-02\requester-ticket-flow.spec.ts:589:3 › Phase 8 — End-to-End Integration Flows (E2E-01, E2E-02, E2E-03 per tests.md) › E2E-02: Simulated backend failure during ticket submission retains form values (1.7s)
  ok   7 [desktop] › e2e\lab-02\requester-ticket-flow.spec.ts:656:3 › Phase 8 — End-to-End Integration Flows (E2E-01, E2E-02, E2E-03 per tests.md) › E2E-03: Negative security flows — cross-requester direct URL (403) and removed attachment direct download (410) (2.9s)
  ok   8 [desktop] › e2e\lab-03\authentication.spec.ts:87:3 › Phase F2 / P06 E2E Authentication & Navigation (E2E-01 to E2E-05) › E2E-01: Valid login, permitted role landing page, logout flow (653ms)
  ok   9 [desktop] › e2e\lab-03\authentication.spec.ts:128:3 › Phase F2 / P06 E2E Authentication & Navigation (E2E-01 to E2E-05) › E2E-02: Forced initial password change flow (1.8s)
  ok  10 [desktop] › e2e\lab-03\authentication.spec.ts:189:3 › Phase F2 / P06 E2E Authentication & Navigation (E2E-01 to E2E-05) › E2E-03: Invalidate session on logout and verify back navigation blocked (650ms)
  ok  11 [desktop] › e2e\lab-03\authentication.spec.ts:224:3 › Phase F2 / P06 E2E Authentication & Navigation (E2E-01 to E2E-05) › E2E-04: Login error flows (wrong password, inactive account, client validation) (969ms)
  ok  12 [desktop] › e2e\lab-03\authentication.spec.ts:261:3 › Phase F2 / P06 E2E Authentication & Navigation (E2E-01 to E2E-05) › E2E-05: Role-based navigation routing (Requester, Staff, Admin) (1.3s)
  ok  13 [desktop] › e2e\lab-03\staff-ticket-flow.spec.ts:119:3 › E2E-09: Staff Queue search and filter › Queue renders and search narrows results (1.2s)
  ok  14 [desktop] › e2e\lab-03\staff-ticket-flow.spec.ts:138:3 › E2E-09: Staff Queue search and filter › Status filter NEW shows queue (1.1s)
  ok  15 [desktop] › e2e\lab-03\staff-ticket-flow.spec.ts:153:3 › E2E-09: Staff Queue search and filter › Non-matching search shows no-results state (1.2s)
  ok  16 [desktop] › e2e\lab-03\staff-ticket-flow.spec.ts:162:3 › E2E-09: Staff Queue search and filter › Clear filters resets search (1.1s)
  ok  17 [desktop] › e2e\lab-03\staff-ticket-flow.spec.ts:176:3 › E2E-11: Complete IT Staff triage workflow › Navigate to ticket detail via queue row (1.3s)
  ok  18 [desktop] › e2e\lab-03\staff-ticket-flow.spec.ts:196:3 › E2E-11: Complete IT Staff triage workflow › Claim unassigned ticket (673ms)
  ok  19 [desktop] › e2e\lab-03\staff-ticket-flow.spec.ts:208:3 › E2E-11: Complete IT Staff triage workflow › Update IT Priority to HIGH (684ms)
  ok  20 [desktop] › e2e\lab-03\staff-ticket-flow.spec.ts:221:3 › E2E-11: Complete IT Staff triage workflow › Transition NEW → OPEN (688ms)
  ok  21 [desktop] › e2e\lab-03\staff-ticket-flow.spec.ts:237:3 › E2E-11: Complete IT Staff triage workflow › Post public comment (1.1s)
  ok  22 [desktop] › e2e\lab-03\staff-ticket-flow.spec.ts:248:3 › E2E-11: Complete IT Staff triage workflow › Post internal note (1.1s)
  ok  23 [desktop] › e2e\lab-03\staff-ticket-flow.spec.ts:259:3 › E2E-11: Complete IT Staff triage workflow › Transition OPEN → IN_PROGRESS (1.1s)
  ok  24 [desktop] › e2e\lab-03\staff-ticket-flow.spec.ts:276:3 › E2E-11: Complete IT Staff triage workflow › Switch to Requester view: verify IN_PROGRESS, public comments visible, internal notes hidden, flag appears resolved (727ms)
  ok  25 [desktop] › e2e\lab-03\staff-ticket-flow.spec.ts:303:3 › E2E-11: Complete IT Staff triage workflow › Transition IN_PROGRESS → RESOLVED via confirmation modal (1.1s)
  ok  26 [desktop] › e2e\lab-03\staff-ticket-flow.spec.ts:339:3 › E2E-11: Complete IT Staff triage workflow › Switch to Requester view: verify RESOLVED status and confidentiality (687ms)
  ok  27 [desktop] › e2e\lab-03\staff-ticket-flow.spec.ts:352:3 › E2E-11: Complete IT Staff triage workflow › Transition RESOLVED → CLOSED via confirmation modal (785ms)
  ok  28 [desktop] › e2e\lab-03\staff-ticket-flow.spec.ts:375:3 › E2E-11: Complete IT Staff triage workflow › Switch to Requester view: verify CLOSED status and terminal restrictions (551ms)
  ok  29 [desktop] › e2e\lab-03\staff-ticket-flow.spec.ts:394:3 › E2E-15: Back navigation and admin read-only › Back button returns to queue (599ms)
  ok  30 [desktop] › e2e\lab-03\staff-ticket-flow.spec.ts:404:3 › E2E-15: Back navigation and admin read-only › Admin read-only view of ticket detail (AC-28, AC-37, E2E-15) (688ms)
  ok  31 [desktop] › e2e\lab-03\user-administration.spec.ts:104:3 › Phase F4 / P11 & P12: User Administration E2E Verification › E2E-16: Admin list directory, search, and role filter (880ms)
  ok  32 [desktop] › e2e\lab-03\user-administration.spec.ts:127:3 › Phase F4 / P11 & P12: User Administration E2E Verification › E2E-12: Admin provisions new user account and verifies forced password change (2.2s)
  ok  33 [desktop] › e2e\lab-03\user-administration.spec.ts:184:3 › Phase F4 / P11 & P12: User Administration E2E Verification › E2E-13: Admin resets user password and verifies session invalidation (16.9s)
  ok  34 [desktop] › e2e\lab-03\user-administration.spec.ts:244:3 › Phase F4 / P11 & P12: User Administration E2E Verification › E2E-14: Admin self-deactivation guard (923ms)
  ok  35 [desktop] › e2e\lab-03\user-administration.spec.ts:264:3 › Phase F4 / P11 & P12: User Administration E2E Verification › E2E-16: Edit user name and role (1.1s)
  ok  36 [desktop] › e2e\lab-03\worker-env.spec.ts:5:3 › HARNESS-01 Playwright worker environment propagation › worker process inherits all test environment variables from Playwright config (6ms)
  ok  37 [desktop] › e2e\lab-04\actions-taken-flow.spec.ts:139:3 › Phase F2 / L4-P05: Actions Taken Lifecycle Flow (E2E-L4-01) › E2E-L4-01: Log pending action, assign staff, complete with result, and verify requester read-only view (2.1s)
  ok  38 [desktop] › e2e\lab-04\dashboards.spec.ts:47:64 › F3 REQUESTER: card/list parity, URL reload/Back, detail links and responsive layout (1.3s)
  ok  39 [desktop] › e2e\lab-04\dashboards.spec.ts:47:64 › F3 IT_STAFF: card/list parity, URL reload/Back, detail links and responsive layout (1.5s)
  ok  40 [desktop] › e2e\lab-04\dashboards.spec.ts:47:64 › F3 ADMINISTRATOR: card/list parity, URL reload/Back, detail links and responsive layout (1.5s)
  ok  41 [desktop] › e2e\lab-04\dashboards.spec.ts:82:1 › F3 review fix: all roles keyboard home/card navigation and visible focus (1.1s)
  ok  42 [desktop] › e2e\lab-04\dashboards.spec.ts:104:1 › F3 empty account, zero-result drill-down, Clear Filters and account switching (759ms)
  ok  43 [desktop] › e2e\lab-04\dashboards.spec.ts:114:1 › F3 network failure hides metrics, Retry restores real dashboard (460ms)
  ok  44 [desktop] › e2e\lab-04\ticket-resolution.spec.ts:114:3 › Phase F2 / L4-P06: Resolution Gate Enforcement (E2E-L4-02) › E2E-L4-02: Ticket cannot be resolved without completed Action Taken; resolution succeeds after completing action (988ms)
(node:74768) Warning: The 'NO_COLOR' env is ignored due to the 'FORCE_COLOR' env being set.
(Use `node --trace-warnings ...` to show where the warning was created)
  ok  45 [tablet] › e2e\lab-02\requester-ticket-flow.spec.ts:236:3 › Phase 7 — Responsive Layout Tests (RESP-01, RESP-02, RESP-03 per tests.md) › RESP-01: My Tickets at <768px replaces table with card list, buttons full width, and has zero horizontal scroll (917ms)
  ok  46 [tablet] › e2e\lab-02\requester-ticket-flow.spec.ts:291:3 › Phase 7 — Responsive Layout Tests (RESP-01, RESP-02, RESP-03 per tests.md) › RESP-02: Create Ticket at 768–991px shows two-column classification fields while Summary/Description remain full width, and My Tickets shows compact table (507ms)
  ok  47 [tablet] › e2e\lab-02\requester-ticket-flow.spec.ts:354:3 › Phase 7 — Responsive Layout Tests (RESP-01, RESP-02, RESP-03 per tests.md) › RESP-03: All three screens at ≥992px center content with max width 1200px, no clipped text, and handle long content (615ms)
  ok  48 [tablet] › e2e\lab-02\requester-ticket-flow.spec.ts:436:3 › Phase 7 — Visual Inspection Screenshot Captures (Project-Isolated) › Capture 3 screenshots for current viewport project (desktop, tablet, or mobile) (1.3s)
  ok  49 [tablet] › e2e\lab-02\requester-ticket-flow.spec.ts:467:3 › Phase 8 — End-to-End Integration Flows (E2E-01, E2E-02, E2E-03 per tests.md) › E2E-01: Full happy path — sign in, verify read-only fields, create ticket with attachment, find in My Tickets, sign out and switch account (2.0s)
  ok  50 [tablet] › e2e\lab-02\requester-ticket-flow.spec.ts:589:3 › Phase 8 — End-to-End Integration Flows (E2E-01, E2E-02, E2E-03 per tests.md) › E2E-02: Simulated backend failure during ticket submission retains form values (1.4s)
  ok  51 [tablet] › e2e\lab-02\requester-ticket-flow.spec.ts:656:3 › Phase 8 — End-to-End Integration Flows (E2E-01, E2E-02, E2E-03 per tests.md) › E2E-03: Negative security flows — cross-requester direct URL (403) and removed attachment direct download (410) (2.1s)
  ok  52 [tablet] › e2e\lab-03\authentication.spec.ts:87:3 › Phase F2 / P06 E2E Authentication & Navigation (E2E-01 to E2E-05) › E2E-01: Valid login, permitted role landing page, logout flow (554ms)
  ok  53 [tablet] › e2e\lab-03\authentication.spec.ts:128:3 › Phase F2 / P06 E2E Authentication & Navigation (E2E-01 to E2E-05) › E2E-02: Forced initial password change flow (1.8s)
  ok  54 [tablet] › e2e\lab-03\authentication.spec.ts:189:3 › Phase F2 / P06 E2E Authentication & Navigation (E2E-01 to E2E-05) › E2E-03: Invalidate session on logout and verify back navigation blocked (534ms)
  ok  55 [tablet] › e2e\lab-03\authentication.spec.ts:224:3 › Phase F2 / P06 E2E Authentication & Navigation (E2E-01 to E2E-05) › E2E-04: Login error flows (wrong password, inactive account, client validation) (520ms)
  ok  56 [tablet] › e2e\lab-03\authentication.spec.ts:261:3 › Phase F2 / P06 E2E Authentication & Navigation (E2E-01 to E2E-05) › E2E-05: Role-based navigation routing (Requester, Staff, Admin) (1.1s)
  ok  57 [tablet] › e2e\lab-03\staff-ticket-flow.spec.ts:119:3 › E2E-09: Staff Queue search and filter › Queue renders and search narrows results (1.2s)
  ok  58 [tablet] › e2e\lab-03\staff-ticket-flow.spec.ts:138:3 › E2E-09: Staff Queue search and filter › Status filter NEW shows queue (1.0s)
  ok  59 [tablet] › e2e\lab-03\staff-ticket-flow.spec.ts:153:3 › E2E-09: Staff Queue search and filter › Non-matching search shows no-results state (1.2s)
  ok  60 [tablet] › e2e\lab-03\staff-ticket-flow.spec.ts:162:3 › E2E-09: Staff Queue search and filter › Clear filters resets search (1.1s)
  ok  61 [tablet] › e2e\lab-03\staff-ticket-flow.spec.ts:176:3 › E2E-11: Complete IT Staff triage workflow › Navigate to ticket detail via queue row (1.2s)
  ok  62 [tablet] › e2e\lab-03\staff-ticket-flow.spec.ts:196:3 › E2E-11: Complete IT Staff triage workflow › Claim unassigned ticket (670ms)
  ok  63 [tablet] › e2e\lab-03\staff-ticket-flow.spec.ts:208:3 › E2E-11: Complete IT Staff triage workflow › Update IT Priority to HIGH (653ms)
  ok  64 [tablet] › e2e\lab-03\staff-ticket-flow.spec.ts:221:3 › E2E-11: Complete IT Staff triage workflow › Transition NEW → OPEN (636ms)
  ok  65 [tablet] › e2e\lab-03\staff-ticket-flow.spec.ts:237:3 › E2E-11: Complete IT Staff triage workflow › Post public comment (645ms)
  ok  66 [tablet] › e2e\lab-03\staff-ticket-flow.spec.ts:248:3 › E2E-11: Complete IT Staff triage workflow › Post internal note (2.2s)
  ok  67 [tablet] › e2e\lab-03\staff-ticket-flow.spec.ts:259:3 › E2E-11: Complete IT Staff triage workflow › Transition OPEN → IN_PROGRESS (638ms)
  ok  68 [tablet] › e2e\lab-03\staff-ticket-flow.spec.ts:276:3 › E2E-11: Complete IT Staff triage workflow › Switch to Requester view: verify IN_PROGRESS, public comments visible, internal notes hidden, flag appears resolved (689ms)
  ok  69 [tablet] › e2e\lab-03\staff-ticket-flow.spec.ts:303:3 › E2E-11: Complete IT Staff triage workflow › Transition IN_PROGRESS → RESOLVED via confirmation modal (866ms)
  ok  70 [tablet] › e2e\lab-03\staff-ticket-flow.spec.ts:339:3 › E2E-11: Complete IT Staff triage workflow › Switch to Requester view: verify RESOLVED status and confidentiality (581ms)
  ok  71 [tablet] › e2e\lab-03\staff-ticket-flow.spec.ts:352:3 › E2E-11: Complete IT Staff triage workflow › Transition RESOLVED → CLOSED via confirmation modal (756ms)
  ok  72 [tablet] › e2e\lab-03\staff-ticket-flow.spec.ts:375:3 › E2E-11: Complete IT Staff triage workflow › Switch to Requester view: verify CLOSED status and terminal restrictions (616ms)
  ok  73 [tablet] › e2e\lab-03\staff-ticket-flow.spec.ts:394:3 › E2E-15: Back navigation and admin read-only › Back button returns to queue (601ms)
  ok  74 [tablet] › e2e\lab-03\staff-ticket-flow.spec.ts:404:3 › E2E-15: Back navigation and admin read-only › Admin read-only view of ticket detail (AC-28, AC-37, E2E-15) (650ms)
  ok  75 [tablet] › e2e\lab-03\user-administration.spec.ts:104:3 › Phase F4 / P11 & P12: User Administration E2E Verification › E2E-16: Admin list directory, search, and role filter (928ms)
  ok  76 [tablet] › e2e\lab-03\user-administration.spec.ts:127:3 › Phase F4 / P11 & P12: User Administration E2E Verification › E2E-12: Admin provisions new user account and verifies forced password change (2.2s)
  ok  77 [tablet] › e2e\lab-03\user-administration.spec.ts:184:3 › Phase F4 / P11 & P12: User Administration E2E Verification › E2E-13: Admin resets user password and verifies session invalidation (16.9s)
  ok  78 [tablet] › e2e\lab-03\user-administration.spec.ts:244:3 › Phase F4 / P11 & P12: User Administration E2E Verification › E2E-14: Admin self-deactivation guard (917ms)
  ok  79 [tablet] › e2e\lab-03\user-administration.spec.ts:264:3 › Phase F4 / P11 & P12: User Administration E2E Verification › E2E-16: Edit user name and role (1.0s)
  ok  80 [tablet] › e2e\lab-03\worker-env.spec.ts:5:3 › HARNESS-01 Playwright worker environment propagation › worker process inherits all test environment variables from Playwright config (6ms)
  ok  81 [tablet] › e2e\lab-04\actions-taken-flow.spec.ts:139:3 › Phase F2 / L4-P05: Actions Taken Lifecycle Flow (E2E-L4-01) › E2E-L4-01: Log pending action, assign staff, complete with result, and verify requester read-only view (2.0s)
  ok  82 [tablet] › e2e\lab-04\dashboards.spec.ts:47:64 › F3 REQUESTER: card/list parity, URL reload/Back, detail links and responsive layout (1.3s)
  ok  83 [tablet] › e2e\lab-04\dashboards.spec.ts:47:64 › F3 IT_STAFF: card/list parity, URL reload/Back, detail links and responsive layout (1.3s)
  ok  84 [tablet] › e2e\lab-04\dashboards.spec.ts:47:64 › F3 ADMINISTRATOR: card/list parity, URL reload/Back, detail links and responsive layout (1.5s)
  ok  85 [tablet] › e2e\lab-04\dashboards.spec.ts:82:1 › F3 review fix: all roles keyboard home/card navigation and visible focus (1.1s)
  ok  86 [tablet] › e2e\lab-04\dashboards.spec.ts:104:1 › F3 empty account, zero-result drill-down, Clear Filters and account switching (775ms)
  ok  87 [tablet] › e2e\lab-04\dashboards.spec.ts:114:1 › F3 network failure hides metrics, Retry restores real dashboard (466ms)
  ok  88 [tablet] › e2e\lab-04\ticket-resolution.spec.ts:114:3 › Phase F2 / L4-P06: Resolution Gate Enforcement (E2E-L4-02) › E2E-L4-02: Ticket cannot be resolved without completed Action Taken; resolution succeeds after completing action (966ms)
(node:110424) Warning: The 'NO_COLOR' env is ignored due to the 'FORCE_COLOR' env being set.
(Use `node --trace-warnings ...` to show where the warning was created)
  ok  89 [mobile] › e2e\lab-02\requester-ticket-flow.spec.ts:236:3 › Phase 7 — Responsive Layout Tests (RESP-01, RESP-02, RESP-03 per tests.md) › RESP-01: My Tickets at <768px replaces table with card list, buttons full width, and has zero horizontal scroll (898ms)
  ok  90 [mobile] › e2e\lab-02\requester-ticket-flow.spec.ts:291:3 › Phase 7 — Responsive Layout Tests (RESP-01, RESP-02, RESP-03 per tests.md) › RESP-02: Create Ticket at 768–991px shows two-column classification fields while Summary/Description remain full width, and My Tickets shows compact table (501ms)
  ok  91 [mobile] › e2e\lab-02\requester-ticket-flow.spec.ts:354:3 › Phase 7 — Responsive Layout Tests (RESP-01, RESP-02, RESP-03 per tests.md) › RESP-03: All three screens at ≥992px center content with max width 1200px, no clipped text, and handle long content (609ms)
  ok  92 [mobile] › e2e\lab-02\requester-ticket-flow.spec.ts:436:3 › Phase 7 — Visual Inspection Screenshot Captures (Project-Isolated) › Capture 3 screenshots for current viewport project (desktop, tablet, or mobile) (1.6s)
  ok  93 [mobile] › e2e\lab-02\requester-ticket-flow.spec.ts:467:3 › Phase 8 — End-to-End Integration Flows (E2E-01, E2E-02, E2E-03 per tests.md) › E2E-01: Full happy path — sign in, verify read-only fields, create ticket with attachment, find in My Tickets, sign out and switch account (3.3s)
  ok  94 [mobile] › e2e\lab-02\requester-ticket-flow.spec.ts:589:3 › Phase 8 — End-to-End Integration Flows (E2E-01, E2E-02, E2E-03 per tests.md) › E2E-02: Simulated backend failure during ticket submission retains form values (2.0s)
  ok  95 [mobile] › e2e\lab-02\requester-ticket-flow.spec.ts:656:3 › Phase 8 — End-to-End Integration Flows (E2E-01, E2E-02, E2E-03 per tests.md) › E2E-03: Negative security flows — cross-requester direct URL (403) and removed attachment direct download (410) (2.5s)
  ok  96 [mobile] › e2e\lab-03\authentication.spec.ts:87:3 › Phase F2 / P06 E2E Authentication & Navigation (E2E-01 to E2E-05) › E2E-01: Valid login, permitted role landing page, logout flow (648ms)
  ok  97 [mobile] › e2e\lab-03\authentication.spec.ts:128:3 › Phase F2 / P06 E2E Authentication & Navigation (E2E-01 to E2E-05) › E2E-02: Forced initial password change flow (2.1s)
  ok  98 [mobile] › e2e\lab-03\authentication.spec.ts:189:3 › Phase F2 / P06 E2E Authentication & Navigation (E2E-01 to E2E-05) › E2E-03: Invalidate session on logout and verify back navigation blocked (645ms)
  ok  99 [mobile] › e2e\lab-03\authentication.spec.ts:224:3 › Phase F2 / P06 E2E Authentication & Navigation (E2E-01 to E2E-05) › E2E-04: Login error flows (wrong password, inactive account, client validation) (877ms)
  ok 100 [mobile] › e2e\lab-03\authentication.spec.ts:261:3 › Phase F2 / P06 E2E Authentication & Navigation (E2E-01 to E2E-05) › E2E-05: Role-based navigation routing (Requester, Staff, Admin) (1.3s)
  ok 101 [mobile] › e2e\lab-03\staff-ticket-flow.spec.ts:119:3 › E2E-09: Staff Queue search and filter › Queue renders and search narrows results (1.3s)
  ok 102 [mobile] › e2e\lab-03\staff-ticket-flow.spec.ts:138:3 › E2E-09: Staff Queue search and filter › Status filter NEW shows queue (1.1s)
  ok 103 [mobile] › e2e\lab-03\staff-ticket-flow.spec.ts:153:3 › E2E-09: Staff Queue search and filter › Non-matching search shows no-results state (1.1s)
  ok 104 [mobile] › e2e\lab-03\staff-ticket-flow.spec.ts:162:3 › E2E-09: Staff Queue search and filter › Clear filters resets search (1.2s)
  ok 105 [mobile] › e2e\lab-03\staff-ticket-flow.spec.ts:176:3 › E2E-11: Complete IT Staff triage workflow › Navigate to ticket detail via queue row (1.2s)
  ok 106 [mobile] › e2e\lab-03\staff-ticket-flow.spec.ts:196:3 › E2E-11: Complete IT Staff triage workflow › Claim unassigned ticket (666ms)
  ok 107 [mobile] › e2e\lab-03\staff-ticket-flow.spec.ts:208:3 › E2E-11: Complete IT Staff triage workflow › Update IT Priority to HIGH (760ms)
  ok 108 [mobile] › e2e\lab-03\staff-ticket-flow.spec.ts:221:3 › E2E-11: Complete IT Staff triage workflow › Transition NEW → OPEN (885ms)
  ok 109 [mobile] › e2e\lab-03\staff-ticket-flow.spec.ts:237:3 › E2E-11: Complete IT Staff triage workflow › Post public comment (815ms)
  ok 110 [mobile] › e2e\lab-03\staff-ticket-flow.spec.ts:248:3 › E2E-11: Complete IT Staff triage workflow › Post internal note (2.1s)
  ok 111 [mobile] › e2e\lab-03\staff-ticket-flow.spec.ts:259:3 › E2E-11: Complete IT Staff triage workflow › Transition OPEN → IN_PROGRESS (712ms)
  ok 112 [mobile] › e2e\lab-03\staff-ticket-flow.spec.ts:276:3 › E2E-11: Complete IT Staff triage workflow › Switch to Requester view: verify IN_PROGRESS, public comments visible, internal notes hidden, flag appears resolved (647ms)
  ok 113 [mobile] › e2e\lab-03\staff-ticket-flow.spec.ts:303:3 › E2E-11: Complete IT Staff triage workflow › Transition IN_PROGRESS → RESOLVED via confirmation modal (961ms)
  ok 114 [mobile] › e2e\lab-03\staff-ticket-flow.spec.ts:339:3 › E2E-11: Complete IT Staff triage workflow › Switch to Requester view: verify RESOLVED status and confidentiality (619ms)
  ok 115 [mobile] › e2e\lab-03\staff-ticket-flow.spec.ts:352:3 › E2E-11: Complete IT Staff triage workflow › Transition RESOLVED → CLOSED via confirmation modal (749ms)
  ok 116 [mobile] › e2e\lab-03\staff-ticket-flow.spec.ts:375:3 › E2E-11: Complete IT Staff triage workflow › Switch to Requester view: verify CLOSED status and terminal restrictions (559ms)
  ok 117 [mobile] › e2e\lab-03\staff-ticket-flow.spec.ts:394:3 › E2E-15: Back navigation and admin read-only › Back button returns to queue (692ms)
  ok 118 [mobile] › e2e\lab-03\staff-ticket-flow.spec.ts:404:3 › E2E-15: Back navigation and admin read-only › Admin read-only view of ticket detail (AC-28, AC-37, E2E-15) (589ms)
  ok 119 [mobile] › e2e\lab-03\user-administration.spec.ts:104:3 › Phase F4 / P11 & P12: User Administration E2E Verification › E2E-16: Admin list directory, search, and role filter (945ms)
  ok 120 [mobile] › e2e\lab-03\user-administration.spec.ts:127:3 › Phase F4 / P11 & P12: User Administration E2E Verification › E2E-12: Admin provisions new user account and verifies forced password change (2.5s)
  ok 121 [mobile] › e2e\lab-03\user-administration.spec.ts:184:3 › Phase F4 / P11 & P12: User Administration E2E Verification › E2E-13: Admin resets user password and verifies session invalidation (17.2s)
  ok 122 [mobile] › e2e\lab-03\user-administration.spec.ts:244:3 › Phase F4 / P11 & P12: User Administration E2E Verification › E2E-14: Admin self-deactivation guard (1.0s)
  ok 123 [mobile] › e2e\lab-03\user-administration.spec.ts:264:3 › Phase F4 / P11 & P12: User Administration E2E Verification › E2E-16: Edit user name and role (1.1s)
  ok 124 [mobile] › e2e\lab-03\worker-env.spec.ts:5:3 › HARNESS-01 Playwright worker environment propagation › worker process inherits all test environment variables from Playwright config (7ms)
  ok 125 [mobile] › e2e\lab-04\actions-taken-flow.spec.ts:139:3 › Phase F2 / L4-P05: Actions Taken Lifecycle Flow (E2E-L4-01) › E2E-L4-01: Log pending action, assign staff, complete with result, and verify requester read-only view (3.2s)
  ok 126 [mobile] › e2e\lab-04\dashboards.spec.ts:47:64 › F3 REQUESTER: card/list parity, URL reload/Back, detail links and responsive layout (4.3s)
  ok 127 [mobile] › e2e\lab-04\dashboards.spec.ts:47:64 › F3 IT_STAFF: card/list parity, URL reload/Back, detail links and responsive layout (3.3s)
  ok 128 [mobile] › e2e\lab-04\dashboards.spec.ts:47:64 › F3 ADMINISTRATOR: card/list parity, URL reload/Back, detail links and responsive layout (4.4s)
  ok 129 [mobile] › e2e\lab-04\dashboards.spec.ts:82:1 › F3 review fix: all roles keyboard home/card navigation and visible focus (1.0s)
  ok 130 [mobile] › e2e\lab-04\dashboards.spec.ts:104:1 › F3 empty account, zero-result drill-down, Clear Filters and account switching (743ms)
  ok 131 [mobile] › e2e\lab-04\dashboards.spec.ts:114:1 › F3 network failure hides metrics, Retry restores real dashboard (417ms)
  ok 132 [mobile] › e2e\lab-04\ticket-resolution.spec.ts:114:3 › Phase F2 / L4-P06: Resolution Gate Enforcement (E2E-L4-02) › E2E-L4-02: Ticket cannot be resolved without completed Action Taken; resolution succeeds after completing action (1.1s)

  132 passed (3.5m)
