
> toktickit-client@1.0.0 test
> vitest run


 RUN  v2.1.9 D:/toktickit/client

stderr | tests/lab-03/StaffTicketDetail.test.tsx > StaffTicketDetail UI Tests (UI-06, UI-07, UI-08) > UI-06: Staff Detail renders read-only info vs operational panels > renders loading state initially
Warning: An update to StaffTicketDetail inside a test was not wrapped in act(...).

When testing, code that causes React state updates should be wrapped into act(...):

act(() => {
  /* fire events that update state */
});
/* assert on the output */

This ensures that you're testing the behavior the user would see in the browser. Learn more at https://reactjs.org/link/wrap-tests-with-act
    at StaffTicketDetail (D:\toktickit\client\src\pages\StaffTicketDetail.tsx:16:30)
Warning: An update to StaffTicketDetail inside a test was not wrapped in act(...).

When testing, code that causes React state updates should be wrapped into act(...):

act(() => {
  /* fire events that update state */
});
/* assert on the output */

This ensures that you're testing the behavior the user would see in the browser. Learn more at https://reactjs.org/link/wrap-tests-with-act
    at StaffTicketDetail (D:\toktickit\client\src\pages\StaffTicketDetail.tsx:16:30)

stderr | tests/lab-03/StaffTicketQueue.test.tsx > StaffTicketQueue UI Tests (UI-04, UI-05) > UI-05: Queue loading, empty, and error states > renders loading spinner while fetching
Warning: An update to StaffTicketQueue inside a test was not wrapped in act(...).

When testing, code that causes React state updates should be wrapped into act(...):

act(() => {
  /* fire events that update state */
});
/* assert on the output */

This ensures that you're testing the behavior the user would see in the browser. Learn more at https://reactjs.org/link/wrap-tests-with-act
    at StaffTicketQueue (D:\toktickit\client\src\pages\StaffTicketQueue.tsx:9:29)
Warning: An update to StaffTicketQueue inside a test was not wrapped in act(...).

When testing, code that causes React state updates should be wrapped into act(...):

act(() => {
  /* fire events that update state */
});
/* assert on the output */

This ensures that you're testing the behavior the user would see in the browser. Learn more at https://reactjs.org/link/wrap-tests-with-act
    at StaffTicketQueue (D:\toktickit\client\src\pages\StaffTicketQueue.tsx:9:29)

 ✓ tests/lab-04/Dashboard.test.tsx (5 tests) 262ms
 ✓ tests/lab-02/RouteGuard.test.tsx (4 tests) 165ms
 ✓ tests/lab-03/StaffTicketDetail.test.tsx (12 tests) 358ms
 ✓ tests/lab-02/RequesterTicketDetail.test.tsx (5 tests) 402ms
 ✓ tests/lab-04/ActionsTaken.test.tsx (15 tests) 596ms
 ✓ tests/lab-04/TicketWorkflow.test.tsx (5 tests) 693ms
 ✓ tests/lab-03/StaffTicketQueue.test.tsx (7 tests) 757ms
   ✓ StaffTicketQueue UI Tests (UI-04, UI-05) > UI-05: Queue loading, empty, and error states > shows clear-filters button when search is non-empty 512ms
 ✓ tests/lab-03/RequesterTicketDetailP10.test.tsx (4 tests) 906ms
   ✓ RequesterTicketDetail P10 Features (Public Comments & Problem Appears Resolved) > allows submitting a new public comment 726ms
 ✓ tests/lab-02/AttachmentSection.test.tsx (5 tests) 987ms
   ✓ AttachmentSection (UI-08, UI-09, UI-16) > handles soft removal with reason dialog 708ms
 ✓ tests/lab-04/ZenGreenTokens.test.tsx (2 tests) 32ms
 ✓ tests/lab-04/DashboardRouting.test.tsx (3 tests) 74ms
 ✓ tests/lab-01/App.test.tsx (3 tests) 57ms
 ✓ tests/lab-02/AppShell.test.tsx (1 test) 131ms
 ✓ tests/lab-02/RequesterSelection.test.tsx (4 tests) 283ms
 ✓ tests/lab-03/SessionTicketFlow.test.tsx (2 tests) 1818ms
   ✓ Phase F2 / P06 Session Identity in Requester Ticket Flow > submits ticket using authenticated session identity when legacy currentRequester is null 1632ms
 ✓ tests/lab-03/Login.test.tsx (5 tests) 2323ms
   ✓ Phase F2 / P06 UI-01, UI-02, UI-03 Login & Navigation Tests > UI-02: Login busy state and error alert banners > disables form controls during submit and shows error alert on failure 646ms
   ✓ Phase F2 / P06 UI-01, UI-02, UI-03 Login & Navigation Tests > UI-02: Login busy state and error alert banners > displays rate-limit error banner on 429 status 686ms
   ✓ Phase F2 / P06 UI-01, UI-02, UI-03 Login & Navigation Tests > UI-02: Login busy state and error alert banners > calls onSuccess with role and mustChangePassword flag on successful login 801ms
 ✓ tests/lab-02/MyTickets.test.tsx (6 tests) 2677ms
   ✓ My Tickets Screen (UI-05, UI-06, UI-14, STYLE-02) > UI-05: renders distinct Empty State vs. No-Results State with distinct icons, copy, and actions 546ms
   ✓ My Tickets Screen (UI-05, UI-06, UI-14, STYLE-02) > UI-14: search, all filters (including IT Priority), sort toggle, page size, direct page numbers, Previous/Next, loading, and retry 1710ms
 ✓ tests/lab-03/ChangePassword.test.tsx (4 tests) 4701ms
   ✓ Phase F2 / P06 UI-13 Change Password Screen Tests > validates inline errors for empty fields, short password, and mismatched passwords without calling API 830ms
   ✓ Phase F2 / P06 UI-13 Change Password Screen Tests > calls api.changePassword and onSuccess after successful update 1412ms
   ✓ Phase F2 / P06 UI-13 Change Password Screen Tests > cancels redirect timer and does not invoke onSuccess if unmounted before delay expires 2377ms
 ✓ tests/lab-03/UserManagement.test.tsx (11 tests) 6197ms
   ✓ UserManagement UI Tests (UI-09, UI-10, UI-11, UI-15) > UI-09: User Directory & Search > displays 'No users match your search' when search yields no results 579ms
   ✓ UserManagement UI Tests (UI-09, UI-10, UI-11, UI-15) > UI-11: Add User Modal > validates required fields and short password 955ms
   ✓ UserManagement UI Tests (UI-09, UI-10, UI-11, UI-15) > UI-11: Add User Modal > calls createAdminUser and refreshes list on valid submission 1198ms
   ✓ UserManagement UI Tests (UI-09, UI-10, UI-11, UI-15) > UI-15 & Invariants: Edit User & Self-Deactivation > disables Active toggle for logged-in admin with self-deactivation warning 336ms
   ✓ UserManagement UI Tests (UI-09, UI-10, UI-11, UI-15) > UI-15 & Invariants: Edit User & Self-Deactivation > allows editing other users and shows unassigned count notification 550ms
   ✓ UserManagement UI Tests (UI-09, UI-10, UI-11, UI-15) > Reset Password Modal > validates temporary password and calls resetAdminUserPassword 940ms
   ✓ UserManagement UI Tests (UI-09, UI-10, UI-11, UI-15) > Reset Password Modal > triggers logout and onNavigateToLogin when administrator performs self-reset 781ms
   ✓ UserManagement UI Tests (UI-09, UI-10, UI-11, UI-15) > Reset Password Modal > triggers logout and onNavigateToLogin when administrator performs self-demotion 448ms
 ✓ tests/lab-02/CreateTicket.test.tsx (9 tests) 7440ms
   ✓ Create Ticket Screen (UI-01 to UI-04, UI-12, UI-13, STYLE-01, STYLE-04) > UI-02: disables submit button and all form controls during pending submission 1408ms
   ✓ Create Ticket Screen (UI-01 to UI-04, UI-12, UI-13, STYLE-01, STYLE-04) > UI-03: renders failure banner and preserves all entered field values when API fails 1324ms
   ✓ Create Ticket Screen (UI-01 to UI-04, UI-12, UI-13, STYLE-01, STYLE-04) > UI-04: rejects invalid files with exact spec copy without staging or uploading 382ms
   ✓ Create Ticket Screen (UI-01 to UI-04, UI-12, UI-13, STYLE-01, STYLE-04) > UI-13: displays backend Ticket Number as headline, Ticket Date, and retains requester identity 1121ms
   ✓ Create Ticket Screen (UI-01 to UI-04, UI-12, UI-13, STYLE-01, STYLE-04) > UI-18: preserves created Ticket Number on attachment failure and reports failed file with retry path 1339ms
   ✓ Create Ticket Screen (UI-01 to UI-04, UI-12, UI-13, STYLE-01, STYLE-04) > UI-18: disables navigation and action buttons while post-create attachments are uploading and displays progress 1288ms

 Test Files  20 passed (20)
      Tests  112 passed (112)
   Start at  16:27:14
   Duration  9.42s (transform 1.87s, setup 2.41s, collect 8.02s, tests 30.86s, environment 16.62s, prepare 2.79s)
