Verified disposable database: toktickit_test_f2_review_1790784843569
[WebServer] (node:115060) Warning: The 'NO_COLOR' env is ignored due to the 'FORCE_COLOR' env being set.
[WebServer] (Use `node --trace-warnings ...` to show where the warning was created)

Running 129 tests using 1 worker

(node:82852) Warning: The 'NO_COLOR' env is ignored due to the 'FORCE_COLOR' env being set.
(Use `node --trace-warnings ...` to show where the warning was created)
  ok   1 [desktop] › e2e\lab-02\requester-ticket-flow.spec.ts:236:3 › Phase 7 — Responsive Layout Tests (RESP-01, RESP-02, RESP-03 per tests.md) › RESP-01: My Tickets at <768px replaces table with card list, buttons full width, and has zero horizontal scroll (799ms)
  ok   2 [desktop] › e2e\lab-02\requester-ticket-flow.spec.ts:291:3 › Phase 7 — Responsive Layout Tests (RESP-01, RESP-02, RESP-03 per tests.md) › RESP-02: Create Ticket at 768–991px shows two-column classification fields while Summary/Description remain full width, and My Tickets shows compact table (519ms)
  ok   3 [desktop] › e2e\lab-02\requester-ticket-flow.spec.ts:354:3 › Phase 7 — Responsive Layout Tests (RESP-01, RESP-02, RESP-03 per tests.md) › RESP-03: All three screens at ≥992px center content with max width 1200px, no clipped text, and handle long content (632ms)
  ok   4 [desktop] › e2e\lab-02\requester-ticket-flow.spec.ts:436:3 › Phase 7 — Visual Inspection Screenshot Captures (Project-Isolated) › Capture 3 screenshots for current viewport project (desktop, tablet, or mobile) (1.3s)
  ok   5 [desktop] › e2e\lab-02\requester-ticket-flow.spec.ts:467:3 › Phase 8 — End-to-End Integration Flows (E2E-01, E2E-02, E2E-03 per tests.md) › E2E-01: Full happy path — sign in, verify read-only fields, create ticket with attachment, find in My Tickets, sign out and switch account (2.0s)
  ok   6 [desktop] › e2e\lab-02\requester-ticket-flow.spec.ts:589:3 › Phase 8 — End-to-End Integration Flows (E2E-01, E2E-02, E2E-03 per tests.md) › E2E-02: Simulated backend failure during ticket submission retains form values (1.3s)
  ok   7 [desktop] › e2e\lab-02\requester-ticket-flow.spec.ts:656:3 › Phase 8 — End-to-End Integration Flows (E2E-01, E2E-02, E2E-03 per tests.md) › E2E-03: Negative security flows — cross-requester direct URL (403) and removed attachment direct download (410) (2.2s)
  ok   8 [desktop] › e2e\lab-03\authentication.spec.ts:87:3 › Phase F2 / P06 E2E Authentication & Navigation (E2E-01 to E2E-05) › E2E-01: Valid login, permitted role landing page, logout flow (716ms)
  ok   9 [desktop] › e2e\lab-03\authentication.spec.ts:128:3 › Phase F2 / P06 E2E Authentication & Navigation (E2E-01 to E2E-05) › E2E-02: Forced initial password change flow (1.8s)
  ok  10 [desktop] › e2e\lab-03\authentication.spec.ts:189:3 › Phase F2 / P06 E2E Authentication & Navigation (E2E-01 to E2E-05) › E2E-03: Invalidate session on logout and verify back navigation blocked (555ms)
  ok  11 [desktop] › e2e\lab-03\authentication.spec.ts:224:3 › Phase F2 / P06 E2E Authentication & Navigation (E2E-01 to E2E-05) › E2E-04: Login error flows (wrong password, inactive account, client validation) (579ms)
  ok  12 [desktop] › e2e\lab-03\authentication.spec.ts:261:3 › Phase F2 / P06 E2E Authentication & Navigation (E2E-01 to E2E-05) › E2E-05: Role-based navigation routing (Requester, Staff, Admin) (1.2s)
  ok  13 [desktop] › e2e\lab-03\staff-ticket-flow.spec.ts:119:3 › E2E-09: Staff Queue search and filter › Queue renders and search narrows results (1.2s)
  ok  14 [desktop] › e2e\lab-03\staff-ticket-flow.spec.ts:138:3 › E2E-09: Staff Queue search and filter › Status filter NEW shows queue (1.0s)
  ok  15 [desktop] › e2e\lab-03\staff-ticket-flow.spec.ts:153:3 › E2E-09: Staff Queue search and filter › Non-matching search shows no-results state (1.1s)
  ok  16 [desktop] › e2e\lab-03\staff-ticket-flow.spec.ts:162:3 › E2E-09: Staff Queue search and filter › Clear filters resets search (1.2s)
  ok  17 [desktop] › e2e\lab-03\staff-ticket-flow.spec.ts:176:3 › E2E-11: Complete IT Staff triage workflow › Navigate to ticket detail via queue row (1.2s)
  ok  18 [desktop] › e2e\lab-03\staff-ticket-flow.spec.ts:196:3 › E2E-11: Complete IT Staff triage workflow › Claim unassigned ticket (602ms)
  ok  19 [desktop] › e2e\lab-03\staff-ticket-flow.spec.ts:208:3 › E2E-11: Complete IT Staff triage workflow › Update IT Priority to HIGH (656ms)
  ok  20 [desktop] › e2e\lab-03\staff-ticket-flow.spec.ts:221:3 › E2E-11: Complete IT Staff triage workflow › Transition NEW → OPEN (661ms)
  ok  21 [desktop] › e2e\lab-03\staff-ticket-flow.spec.ts:237:3 › E2E-11: Complete IT Staff triage workflow › Post public comment (586ms)
  ok  22 [desktop] › e2e\lab-03\staff-ticket-flow.spec.ts:248:3 › E2E-11: Complete IT Staff triage workflow › Post internal note (1.0s)
  ok  23 [desktop] › e2e\lab-03\staff-ticket-flow.spec.ts:259:3 › E2E-11: Complete IT Staff triage workflow › Transition OPEN → IN_PROGRESS (638ms)
  ok  24 [desktop] › e2e\lab-03\staff-ticket-flow.spec.ts:276:3 › E2E-11: Complete IT Staff triage workflow › Switch to Requester view: verify IN_PROGRESS, public comments visible, internal notes hidden, flag appears resolved (601ms)
  ok  25 [desktop] › e2e\lab-03\staff-ticket-flow.spec.ts:303:3 › E2E-11: Complete IT Staff triage workflow › Transition IN_PROGRESS → RESOLVED via confirmation modal (1.0s)
  ok  26 [desktop] › e2e\lab-03\staff-ticket-flow.spec.ts:339:3 › E2E-11: Complete IT Staff triage workflow › Switch to Requester view: verify RESOLVED status and confidentiality (883ms)
  ok  27 [desktop] › e2e\lab-03\staff-ticket-flow.spec.ts:352:3 › E2E-11: Complete IT Staff triage workflow › Transition RESOLVED → CLOSED via confirmation modal (748ms)
  ok  28 [desktop] › e2e\lab-03\staff-ticket-flow.spec.ts:375:3 › E2E-11: Complete IT Staff triage workflow › Switch to Requester view: verify CLOSED status and terminal restrictions (583ms)
  ok  29 [desktop] › e2e\lab-03\staff-ticket-flow.spec.ts:394:3 › E2E-15: Back navigation and admin read-only › Back button returns to queue (631ms)
  ok  30 [desktop] › e2e\lab-03\staff-ticket-flow.spec.ts:404:3 › E2E-15: Back navigation and admin read-only › Admin read-only view of ticket detail (AC-28, AC-37, E2E-15) (611ms)
  ok  31 [desktop] › e2e\lab-03\user-administration.spec.ts:104:3 › Phase F4 / P11 & P12: User Administration E2E Verification › E2E-16: Admin list directory, search, and role filter (874ms)
  ok  32 [desktop] › e2e\lab-03\user-administration.spec.ts:127:3 › Phase F4 / P11 & P12: User Administration E2E Verification › E2E-12: Admin provisions new user account and verifies forced password change (2.2s)
  ok  33 [desktop] › e2e\lab-03\user-administration.spec.ts:184:3 › Phase F4 / P11 & P12: User Administration E2E Verification › E2E-13: Admin resets user password and verifies session invalidation (16.9s)
  ok  34 [desktop] › e2e\lab-03\user-administration.spec.ts:244:3 › Phase F4 / P11 & P12: User Administration E2E Verification › E2E-14: Admin self-deactivation guard (926ms)
  ok  35 [desktop] › e2e\lab-03\user-administration.spec.ts:264:3 › Phase F4 / P11 & P12: User Administration E2E Verification › E2E-16: Edit user name and role (1.0s)
  ok  36 [desktop] › e2e\lab-03\worker-env.spec.ts:5:3 › HARNESS-01 Playwright worker environment propagation › worker process inherits all test environment variables from Playwright config (7ms)
  ok  37 [desktop] › e2e\lab-04\actions-taken-flow.spec.ts:116:3 › Phase F2 / L4-P05: Actions Taken Lifecycle Flow (E2E-L4-01) › E2E-L4-01: Log pending action, assign staff, complete with result, and verify requester read-only view (1.3s)
  ok  38 [desktop] › e2e\lab-04\dashboards.spec.ts:47:64 › F3 REQUESTER: card/list parity, URL reload/Back, detail links and responsive layout (1.4s)
  ok  39 [desktop] › e2e\lab-04\dashboards.spec.ts:47:64 › F3 IT_STAFF: card/list parity, URL reload/Back, detail links and responsive layout (1.3s)
  ok  40 [desktop] › e2e\lab-04\dashboards.spec.ts:47:64 › F3 ADMINISTRATOR: card/list parity, URL reload/Back, detail links and responsive layout (1.4s)
  ok  41 [desktop] › e2e\lab-04\dashboards.spec.ts:82:1 › F3 empty account, zero-result drill-down, Clear Filters and account switching (713ms)
  ok  42 [desktop] › e2e\lab-04\dashboards.spec.ts:92:1 › F3 network failure hides metrics, Retry restores real dashboard (464ms)
  ok  43 [desktop] › e2e\lab-04\ticket-resolution.spec.ts:114:3 › Phase F2 / L4-P06: Resolution Gate Enforcement (E2E-L4-02) › E2E-L4-02: Ticket cannot be resolved without completed Action Taken; resolution succeeds after completing action (998ms)
(node:24172) Warning: The 'NO_COLOR' env is ignored due to the 'FORCE_COLOR' env being set.
(Use `node --trace-warnings ...` to show where the warning was created)
  ok  44 [tablet] › e2e\lab-02\requester-ticket-flow.spec.ts:236:3 › Phase 7 — Responsive Layout Tests (RESP-01, RESP-02, RESP-03 per tests.md) › RESP-01: My Tickets at <768px replaces table with card list, buttons full width, and has zero horizontal scroll (818ms)
  ok  45 [tablet] › e2e\lab-02\requester-ticket-flow.spec.ts:291:3 › Phase 7 — Responsive Layout Tests (RESP-01, RESP-02, RESP-03 per tests.md) › RESP-02: Create Ticket at 768–991px shows two-column classification fields while Summary/Description remain full width, and My Tickets shows compact table (537ms)
  ok  46 [tablet] › e2e\lab-02\requester-ticket-flow.spec.ts:354:3 › Phase 7 — Responsive Layout Tests (RESP-01, RESP-02, RESP-03 per tests.md) › RESP-03: All three screens at ≥992px center content with max width 1200px, no clipped text, and handle long content (624ms)
  ok  47 [tablet] › e2e\lab-02\requester-ticket-flow.spec.ts:436:3 › Phase 7 — Visual Inspection Screenshot Captures (Project-Isolated) › Capture 3 screenshots for current viewport project (desktop, tablet, or mobile) (1.2s)
  ok  48 [tablet] › e2e\lab-02\requester-ticket-flow.spec.ts:467:3 › Phase 8 — End-to-End Integration Flows (E2E-01, E2E-02, E2E-03 per tests.md) › E2E-01: Full happy path — sign in, verify read-only fields, create ticket with attachment, find in My Tickets, sign out and switch account (1.9s)
  ok  49 [tablet] › e2e\lab-02\requester-ticket-flow.spec.ts:589:3 › Phase 8 — End-to-End Integration Flows (E2E-01, E2E-02, E2E-03 per tests.md) › E2E-02: Simulated backend failure during ticket submission retains form values (1.2s)
  ok  50 [tablet] › e2e\lab-02\requester-ticket-flow.spec.ts:656:3 › Phase 8 — End-to-End Integration Flows (E2E-01, E2E-02, E2E-03 per tests.md) › E2E-03: Negative security flows — cross-requester direct URL (403) and removed attachment direct download (410) (2.2s)
  ok  51 [tablet] › e2e\lab-03\authentication.spec.ts:87:3 › Phase F2 / P06 E2E Authentication & Navigation (E2E-01 to E2E-05) › E2E-01: Valid login, permitted role landing page, logout flow (805ms)
  ok  52 [tablet] › e2e\lab-03\authentication.spec.ts:128:3 › Phase F2 / P06 E2E Authentication & Navigation (E2E-01 to E2E-05) › E2E-02: Forced initial password change flow (1.8s)
  ok  53 [tablet] › e2e\lab-03\authentication.spec.ts:189:3 › Phase F2 / P06 E2E Authentication & Navigation (E2E-01 to E2E-05) › E2E-03: Invalidate session on logout and verify back navigation blocked (560ms)
  ok  54 [tablet] › e2e\lab-03\authentication.spec.ts:224:3 › Phase F2 / P06 E2E Authentication & Navigation (E2E-01 to E2E-05) › E2E-04: Login error flows (wrong password, inactive account, client validation) (527ms)
  ok  55 [tablet] › e2e\lab-03\authentication.spec.ts:261:3 › Phase F2 / P06 E2E Authentication & Navigation (E2E-01 to E2E-05) › E2E-05: Role-based navigation routing (Requester, Staff, Admin) (1.1s)
  ok  56 [tablet] › e2e\lab-03\staff-ticket-flow.spec.ts:119:3 › E2E-09: Staff Queue search and filter › Queue renders and search narrows results (1.1s)
  ok  57 [tablet] › e2e\lab-03\staff-ticket-flow.spec.ts:138:3 › E2E-09: Staff Queue search and filter › Status filter NEW shows queue (995ms)
  ok  58 [tablet] › e2e\lab-03\staff-ticket-flow.spec.ts:153:3 › E2E-09: Staff Queue search and filter › Non-matching search shows no-results state (1.1s)
  ok  59 [tablet] › e2e\lab-03\staff-ticket-flow.spec.ts:162:3 › E2E-09: Staff Queue search and filter › Clear filters resets search (1.1s)
  ok  60 [tablet] › e2e\lab-03\staff-ticket-flow.spec.ts:176:3 › E2E-11: Complete IT Staff triage workflow › Navigate to ticket detail via queue row (1.2s)
  ok  61 [tablet] › e2e\lab-03\staff-ticket-flow.spec.ts:196:3 › E2E-11: Complete IT Staff triage workflow › Claim unassigned ticket (617ms)
  ok  62 [tablet] › e2e\lab-03\staff-ticket-flow.spec.ts:208:3 › E2E-11: Complete IT Staff triage workflow › Update IT Priority to HIGH (621ms)
  ok  63 [tablet] › e2e\lab-03\staff-ticket-flow.spec.ts:221:3 › E2E-11: Complete IT Staff triage workflow › Transition NEW → OPEN (588ms)
  ok  64 [tablet] › e2e\lab-03\staff-ticket-flow.spec.ts:237:3 › E2E-11: Complete IT Staff triage workflow › Post public comment (617ms)
  ok  65 [tablet] › e2e\lab-03\staff-ticket-flow.spec.ts:248:3 › E2E-11: Complete IT Staff triage workflow › Post internal note (2.0s)
  ok  66 [tablet] › e2e\lab-03\staff-ticket-flow.spec.ts:259:3 › E2E-11: Complete IT Staff triage workflow › Transition OPEN → IN_PROGRESS (601ms)
  ok  67 [tablet] › e2e\lab-03\staff-ticket-flow.spec.ts:276:3 › E2E-11: Complete IT Staff triage workflow › Switch to Requester view: verify IN_PROGRESS, public comments visible, internal notes hidden, flag appears resolved (636ms)
  ok  68 [tablet] › e2e\lab-03\staff-ticket-flow.spec.ts:303:3 › E2E-11: Complete IT Staff triage workflow › Transition IN_PROGRESS → RESOLVED via confirmation modal (874ms)
  ok  69 [tablet] › e2e\lab-03\staff-ticket-flow.spec.ts:339:3 › E2E-11: Complete IT Staff triage workflow › Switch to Requester view: verify RESOLVED status and confidentiality (520ms)
  ok  70 [tablet] › e2e\lab-03\staff-ticket-flow.spec.ts:352:3 › E2E-11: Complete IT Staff triage workflow › Transition RESOLVED → CLOSED via confirmation modal (690ms)
  ok  71 [tablet] › e2e\lab-03\staff-ticket-flow.spec.ts:375:3 › E2E-11: Complete IT Staff triage workflow › Switch to Requester view: verify CLOSED status and terminal restrictions (601ms)
  ok  72 [tablet] › e2e\lab-03\staff-ticket-flow.spec.ts:394:3 › E2E-15: Back navigation and admin read-only › Back button returns to queue (644ms)
  ok  73 [tablet] › e2e\lab-03\staff-ticket-flow.spec.ts:404:3 › E2E-15: Back navigation and admin read-only › Admin read-only view of ticket detail (AC-28, AC-37, E2E-15) (558ms)
  ok  74 [tablet] › e2e\lab-03\user-administration.spec.ts:104:3 › Phase F4 / P11 & P12: User Administration E2E Verification › E2E-16: Admin list directory, search, and role filter (909ms)
  ok  75 [tablet] › e2e\lab-03\user-administration.spec.ts:127:3 › Phase F4 / P11 & P12: User Administration E2E Verification › E2E-12: Admin provisions new user account and verifies forced password change (2.2s)
  ok  76 [tablet] › e2e\lab-03\user-administration.spec.ts:184:3 › Phase F4 / P11 & P12: User Administration E2E Verification › E2E-13: Admin resets user password and verifies session invalidation (16.9s)
  ok  77 [tablet] › e2e\lab-03\user-administration.spec.ts:244:3 › Phase F4 / P11 & P12: User Administration E2E Verification › E2E-14: Admin self-deactivation guard (917ms)
  ok  78 [tablet] › e2e\lab-03\user-administration.spec.ts:264:3 › Phase F4 / P11 & P12: User Administration E2E Verification › E2E-16: Edit user name and role (1.0s)
  ok  79 [tablet] › e2e\lab-03\worker-env.spec.ts:5:3 › HARNESS-01 Playwright worker environment propagation › worker process inherits all test environment variables from Playwright config (8ms)
  ok  80 [tablet] › e2e\lab-04\actions-taken-flow.spec.ts:116:3 › Phase F2 / L4-P05: Actions Taken Lifecycle Flow (E2E-L4-01) › E2E-L4-01: Log pending action, assign staff, complete with result, and verify requester read-only view (1.2s)
  ok  81 [tablet] › e2e\lab-04\dashboards.spec.ts:47:64 › F3 REQUESTER: card/list parity, URL reload/Back, detail links and responsive layout (1.3s)
  ok  82 [tablet] › e2e\lab-04\dashboards.spec.ts:47:64 › F3 IT_STAFF: card/list parity, URL reload/Back, detail links and responsive layout (1.3s)
  ok  83 [tablet] › e2e\lab-04\dashboards.spec.ts:47:64 › F3 ADMINISTRATOR: card/list parity, URL reload/Back, detail links and responsive layout (1.4s)
  ok  84 [tablet] › e2e\lab-04\dashboards.spec.ts:82:1 › F3 empty account, zero-result drill-down, Clear Filters and account switching (754ms)
  ok  85 [tablet] › e2e\lab-04\dashboards.spec.ts:92:1 › F3 network failure hides metrics, Retry restores real dashboard (432ms)
  ok  86 [tablet] › e2e\lab-04\ticket-resolution.spec.ts:114:3 › Phase F2 / L4-P06: Resolution Gate Enforcement (E2E-L4-02) › E2E-L4-02: Ticket cannot be resolved without completed Action Taken; resolution succeeds after completing action (1.0s)
(node:59396) Warning: The 'NO_COLOR' env is ignored due to the 'FORCE_COLOR' env being set.
(Use `node --trace-warnings ...` to show where the warning was created)
  ok  87 [mobile] › e2e\lab-02\requester-ticket-flow.spec.ts:236:3 › Phase 7 — Responsive Layout Tests (RESP-01, RESP-02, RESP-03 per tests.md) › RESP-01: My Tickets at <768px replaces table with card list, buttons full width, and has zero horizontal scroll (854ms)
  ok  88 [mobile] › e2e\lab-02\requester-ticket-flow.spec.ts:291:3 › Phase 7 — Responsive Layout Tests (RESP-01, RESP-02, RESP-03 per tests.md) › RESP-02: Create Ticket at 768–991px shows two-column classification fields while Summary/Description remain full width, and My Tickets shows compact table (514ms)
  ok  89 [mobile] › e2e\lab-02\requester-ticket-flow.spec.ts:354:3 › Phase 7 — Responsive Layout Tests (RESP-01, RESP-02, RESP-03 per tests.md) › RESP-03: All three screens at ≥992px center content with max width 1200px, no clipped text, and handle long content (635ms)
  ok  90 [mobile] › e2e\lab-02\requester-ticket-flow.spec.ts:436:3 › Phase 7 — Visual Inspection Screenshot Captures (Project-Isolated) › Capture 3 screenshots for current viewport project (desktop, tablet, or mobile) (1.7s)
  ok  91 [mobile] › e2e\lab-02\requester-ticket-flow.spec.ts:467:3 › Phase 8 — End-to-End Integration Flows (E2E-01, E2E-02, E2E-03 per tests.md) › E2E-01: Full happy path — sign in, verify read-only fields, create ticket with attachment, find in My Tickets, sign out and switch account (3.3s)
  ok  92 [mobile] › e2e\lab-02\requester-ticket-flow.spec.ts:589:3 › Phase 8 — End-to-End Integration Flows (E2E-01, E2E-02, E2E-03 per tests.md) › E2E-02: Simulated backend failure during ticket submission retains form values (2.0s)
  ok  93 [mobile] › e2e\lab-02\requester-ticket-flow.spec.ts:656:3 › Phase 8 — End-to-End Integration Flows (E2E-01, E2E-02, E2E-03 per tests.md) › E2E-03: Negative security flows — cross-requester direct URL (403) and removed attachment direct download (410) (2.5s)
  ok  94 [mobile] › e2e\lab-03\authentication.spec.ts:87:3 › Phase F2 / P06 E2E Authentication & Navigation (E2E-01 to E2E-05) › E2E-01: Valid login, permitted role landing page, logout flow (675ms)
  ok  95 [mobile] › e2e\lab-03\authentication.spec.ts:128:3 › Phase F2 / P06 E2E Authentication & Navigation (E2E-01 to E2E-05) › E2E-02: Forced initial password change flow (1.8s)
  ok  96 [mobile] › e2e\lab-03\authentication.spec.ts:189:3 › Phase F2 / P06 E2E Authentication & Navigation (E2E-01 to E2E-05) › E2E-03: Invalidate session on logout and verify back navigation blocked (572ms)
  ok  97 [mobile] › e2e\lab-03\authentication.spec.ts:224:3 › Phase F2 / P06 E2E Authentication & Navigation (E2E-01 to E2E-05) › E2E-04: Login error flows (wrong password, inactive account, client validation) (608ms)
  ok  98 [mobile] › e2e\lab-03\authentication.spec.ts:261:3 › Phase F2 / P06 E2E Authentication & Navigation (E2E-01 to E2E-05) › E2E-05: Role-based navigation routing (Requester, Staff, Admin) (1.2s)
  ok  99 [mobile] › e2e\lab-03\staff-ticket-flow.spec.ts:119:3 › E2E-09: Staff Queue search and filter › Queue renders and search narrows results (1.3s)
  ok 100 [mobile] › e2e\lab-03\staff-ticket-flow.spec.ts:138:3 › E2E-09: Staff Queue search and filter › Status filter NEW shows queue (1.0s)
  ok 101 [mobile] › e2e\lab-03\staff-ticket-flow.spec.ts:153:3 › E2E-09: Staff Queue search and filter › Non-matching search shows no-results state (1.2s)
  ok 102 [mobile] › e2e\lab-03\staff-ticket-flow.spec.ts:162:3 › E2E-09: Staff Queue search and filter › Clear filters resets search (1.2s)
  ok 103 [mobile] › e2e\lab-03\staff-ticket-flow.spec.ts:176:3 › E2E-11: Complete IT Staff triage workflow › Navigate to ticket detail via queue row (1.2s)
  ok 104 [mobile] › e2e\lab-03\staff-ticket-flow.spec.ts:196:3 › E2E-11: Complete IT Staff triage workflow › Claim unassigned ticket (690ms)
  ok 105 [mobile] › e2e\lab-03\staff-ticket-flow.spec.ts:208:3 › E2E-11: Complete IT Staff triage workflow › Update IT Priority to HIGH (655ms)
  ok 106 [mobile] › e2e\lab-03\staff-ticket-flow.spec.ts:221:3 › E2E-11: Complete IT Staff triage workflow › Transition NEW → OPEN (708ms)
  ok 107 [mobile] › e2e\lab-03\staff-ticket-flow.spec.ts:237:3 › E2E-11: Complete IT Staff triage workflow › Post public comment (2.0s)
  ok 108 [mobile] › e2e\lab-03\staff-ticket-flow.spec.ts:248:3 › E2E-11: Complete IT Staff triage workflow › Post internal note (2.0s)
  ok 109 [mobile] › e2e\lab-03\staff-ticket-flow.spec.ts:259:3 › E2E-11: Complete IT Staff triage workflow › Transition OPEN → IN_PROGRESS (739ms)
  ok 110 [mobile] › e2e\lab-03\staff-ticket-flow.spec.ts:276:3 › E2E-11: Complete IT Staff triage workflow › Switch to Requester view: verify IN_PROGRESS, public comments visible, internal notes hidden, flag appears resolved (661ms)
  ok 111 [mobile] › e2e\lab-03\staff-ticket-flow.spec.ts:303:3 › E2E-11: Complete IT Staff triage workflow › Transition IN_PROGRESS → RESOLVED via confirmation modal (1.1s)
  ok 112 [mobile] › e2e\lab-03\staff-ticket-flow.spec.ts:339:3 › E2E-11: Complete IT Staff triage workflow › Switch to Requester view: verify RESOLVED status and confidentiality (676ms)
  ok 113 [mobile] › e2e\lab-03\staff-ticket-flow.spec.ts:352:3 › E2E-11: Complete IT Staff triage workflow › Transition RESOLVED → CLOSED via confirmation modal (914ms)
  ok 114 [mobile] › e2e\lab-03\staff-ticket-flow.spec.ts:375:3 › E2E-11: Complete IT Staff triage workflow › Switch to Requester view: verify CLOSED status and terminal restrictions (639ms)
  ok 115 [mobile] › e2e\lab-03\staff-ticket-flow.spec.ts:394:3 › E2E-15: Back navigation and admin read-only › Back button returns to queue (672ms)
  ok 116 [mobile] › e2e\lab-03\staff-ticket-flow.spec.ts:404:3 › E2E-15: Back navigation and admin read-only › Admin read-only view of ticket detail (AC-28, AC-37, E2E-15) (612ms)
  ok 117 [mobile] › e2e\lab-03\user-administration.spec.ts:104:3 › Phase F4 / P11 & P12: User Administration E2E Verification › E2E-16: Admin list directory, search, and role filter (975ms)
  ok 118 [mobile] › e2e\lab-03\user-administration.spec.ts:127:3 › Phase F4 / P11 & P12: User Administration E2E Verification › E2E-12: Admin provisions new user account and verifies forced password change (2.4s)
  ok 119 [mobile] › e2e\lab-03\user-administration.spec.ts:184:3 › Phase F4 / P11 & P12: User Administration E2E Verification › E2E-13: Admin resets user password and verifies session invalidation (17.1s)
  ok 120 [mobile] › e2e\lab-03\user-administration.spec.ts:244:3 › Phase F4 / P11 & P12: User Administration E2E Verification › E2E-14: Admin self-deactivation guard (996ms)
  ok 121 [mobile] › e2e\lab-03\user-administration.spec.ts:264:3 › Phase F4 / P11 & P12: User Administration E2E Verification › E2E-16: Edit user name and role (1.1s)
  ok 122 [mobile] › e2e\lab-03\worker-env.spec.ts:5:3 › HARNESS-01 Playwright worker environment propagation › worker process inherits all test environment variables from Playwright config (6ms)
  ok 123 [mobile] › e2e\lab-04\actions-taken-flow.spec.ts:116:3 › Phase F2 / L4-P05: Actions Taken Lifecycle Flow (E2E-L4-01) › E2E-L4-01: Log pending action, assign staff, complete with result, and verify requester read-only view (1.5s)
  ok 124 [mobile] › e2e\lab-04\dashboards.spec.ts:47:64 › F3 REQUESTER: card/list parity, URL reload/Back, detail links and responsive layout (4.2s)
  ok 125 [mobile] › e2e\lab-04\dashboards.spec.ts:47:64 › F3 IT_STAFF: card/list parity, URL reload/Back, detail links and responsive layout (3.2s)
  ok 126 [mobile] › e2e\lab-04\dashboards.spec.ts:47:64 › F3 ADMINISTRATOR: card/list parity, URL reload/Back, detail links and responsive layout (4.3s)
  ok 127 [mobile] › e2e\lab-04\dashboards.spec.ts:82:1 › F3 empty account, zero-result drill-down, Clear Filters and account switching (717ms)
  ok 128 [mobile] › e2e\lab-04\dashboards.spec.ts:92:1 › F3 network failure hides metrics, Retry restores real dashboard (416ms)
  ok 129 [mobile] › e2e\lab-04\ticket-resolution.spec.ts:114:3 › Phase F2 / L4-P06: Resolution Gate Enforcement (E2E-L4-02) › E2E-L4-02: Ticket cannot be resolved without completed Action Taken; resolution succeeds after completing action (1.1s)

  129 passed (3.3m)
