Verified disposable database: toktickit_test_f2_review_1790784843569

 RUN  v2.1.9 D:/toktickit/server

 ✓ tests/lab-04/actions-taken.api.test.ts (42 tests) 863ms
 ✓ tests/lab-03/migration-regression.test.ts (13 tests) 1678ms
   ✓ Phase F2 / P03 Data Migration & Idempotent Seeding (AC-14–AC-18, AC-31, LCP-02) > MIG-03 & MIG-04 (AC-16, AC-17, R13, R14): Populated DB Data Preservation, Sequence Continuity & Credential Provisioning > proves seed isolates identity and does not modify fields or add comments/notes to colliding tickets (e.g. TKT-2026-000008) 631ms
 ✓ tests/lab-03/users-admin.api.test.ts (29 tests) 1254ms
 ✓ tests/lab-03/auth.api.test.ts (18 tests) 759ms
 ✓ tests/lab-04/migration-preservation.test.ts (5 tests) 374ms
 ✓ tests/lab-02/my-tickets.api.test.ts (8 tests) 300ms
 ✓ tests/lab-02/attachments.api.test.ts (19 tests) 347ms
(node:63596) [DEP0190] DeprecationWarning: Passing args to a child process with shell option true can lead to security vulnerabilities, as the arguments are not escaped, only concatenated.
(Use `node --trace-deprecation ...` to show where the warning was created)
 ✓ tests/lab-03/test-environment.test.ts (24 tests) 10209ms
   ✓ HARNESS-01 test-environment guard & isolation > HARNESS-01 integration: real path validation, worker propagation, and strict containment cleanup > proves at runtime via Playwright CLI that missing or dev DATABASE_URL_TEST is rejected and valid test DB succeeds 2959ms
   ✓ HARNESS-01 test-environment guard & isolation > HARNESS-01 integration: real path validation, worker propagation, and strict containment cleanup > proves Playwright worker execution and environment propagation at runtime without build artifacts 2637ms
   ✓ HARNESS-01 test-environment guard & isolation > HARNESS-01 integration: real path validation, worker propagation, and strict containment cleanup > strictly restricts skipping webServer to probe tests and rejects non-probe test suites 4605ms
 ✓ tests/lab-02/ownership-hardening.api.test.ts (37 tests) 225ms
 ✓ tests/lab-03/staff-ticket-detail.api.test.ts (18 tests) 274ms
 ✓ tests/lab-02/create-ticket.api.test.ts (11 tests) 168ms
 ✓ tests/lab-03/authorization.api.test.ts (10 tests) 302ms
 ✓ tests/lab-03/staff-queue.api.test.ts (15 tests) 257ms
 ✓ tests/lab-04/ticket-workflow.api.test.ts (10 tests) 618ms
 ✓ tests/lab-03/requester-regression.api.test.ts (11 tests) 269ms
 ✓ tests/lab-03/comments-notes.api.test.ts (9 tests) 215ms
 ✓ tests/lab-04/staff-dashboard.api.test.ts (4 tests) 287ms
 ✓ tests/lab-02/ticket-detail.api.test.ts (5 tests) 96ms
 ✓ tests/lab-02/requester-middleware.api.test.ts (7 tests) 64ms
 ✓ tests/lab-04/requester-dashboard.api.test.ts (4 tests) 149ms
 ✓ tests/lab-04/action-validation.unit.test.ts (17 tests) 5ms
 ✓ tests/lab-03/workflow.unit.test.ts (6 tests) 5ms
 ✓ tests/lab-02/safe-filename.unit.test.ts (2 tests) 3ms
 ✓ tests/lab-02/ticket-number.unit.test.ts (4 tests) 4ms
 ✓ tests/lab-02/reference-data.api.test.ts (4 tests) 89ms
 ✓ tests/lab-02/validation.unit.test.ts (1 test) 2ms
 ✓ tests/lab-03/password.unit.test.ts (6 tests) 61ms
 ✓ tests/lab-02/pagination.unit.test.ts (1 test) 2ms
 ✓ tests/lab-02/requesters.api.test.ts (3 tests) 53ms
 ✓ tests/lab-01/health.test.ts (1 test) 15ms
 ✓ tests/lab-01/categories.test.ts (1 test) 46ms

 Test Files  31 passed (31)
      Tests  345 passed (345)
   Start at  16:27:03
   Duration  28.95s (transform 477ms, setup 242ms, collect 4.72s, tests 18.99s, environment 4ms, prepare 1.62s)
