
 RUN  v2.1.9 D:/toktickit/tmp/f3-pr51-fix/client

stderr | tests/lab-03/StaffTicketQueue.test.tsx > StaffTicketQueue UI Tests (UI-04, UI-05) > UI-05: Queue loading, empty, and error states > renders loading spinner while fetching
Warning: An update to StaffTicketQueue inside a test was not wrapped in act(...).

When testing, code that causes React state updates should be wrapped into act(...):

act(() => {
  /* fire events that update state */
});
/* assert on the output */

This ensures that you're testing the behavior the user would see in the browser. Learn more at https://reactjs.org/link/wrap-tests-with-act
    at StaffTicketQueue (D:\toktickit\tmp\f3-pr51-fix\client\src\pages\StaffTicketQueue.tsx:9:29)
Warning: An update to StaffTicketQueue inside a test was not wrapped in act(...).

When testing, code that causes React state updates should be wrapped into act(...):

act(() => {
  /* fire events that update state */
});
/* assert on the output */

This ensures that you're testing the behavior the user would see in the browser. Learn more at https://reactjs.org/link/wrap-tests-with-act
    at StaffTicketQueue (D:\toktickit\tmp\f3-pr51-fix\client\src\pages\StaffTicketQueue.tsx:9:29)

 ✓ tests/lab-04/Dashboard.test.tsx (5 tests) 573ms
stderr | tests/lab-03/StaffTicketDetail.test.tsx > StaffTicketDetail UI Tests (UI-06, UI-07, UI-08) > UI-06: Staff Detail renders read-only info vs operational panels > renders loading state initially
Warning: An update to StaffTicketDetail inside a test was not wrapped in act(...).

When testing, code that causes React state updates should be wrapped into act(...):

act(() => {
  /* fire events that update state */
});
/* assert on the output */

This ensures that you're testing the behavior the user would see in the browser. Learn more at https://reactjs.org/link/wrap-tests-with-act
    at StaffTicketDetail (D:\toktickit\tmp\f3-pr51-fix\client\src\pages\StaffTicketDetail.tsx:16:30)
Warning: An update to StaffTicketDetail inside a test was not wrapped in act(...).

When testing, code that causes React state updates should be wrapped into act(...):

act(() => {
  /* fire events that update state */
});
/* assert on the output */

This ensures that you're testing the behavior the user would see in the browser. Learn more at https://reactjs.org/link/wrap-tests-with-act
    at StaffTicketDetail (D:\toktickit\tmp\f3-pr51-fix\client\src\pages\StaffTicketDetail.tsx:16:30)

 ✓ tests/lab-02/RouteGuard.test.tsx (4 tests) 315ms
 ✓ tests/lab-03/StaffTicketDetail.test.tsx (12 tests) 579ms
 ✓ tests/lab-03/StaffTicketQueue.test.tsx (7 tests) 1055ms
   ✓ StaffTicketQueue UI Tests (UI-04, UI-05) > UI-05: Queue loading, empty, and error states > shows clear-filters button when search is non-empty 790ms
 ✓ tests/lab-02/RequesterTicketDetail.test.tsx (5 tests) 787ms
 ✓ tests/lab-04/TicketWorkflow.test.tsx (5 tests) 1227ms
   ✓ Phase F2 / L4-P06: Ticket Workflow UI Tests (UI-L4-09, UI-L4-10) > UI-L4-09: TicketWorkflow: Resolution gate error alert banner on modal when 0 actions (422) 384ms
 ✓ tests/lab-04/ActionsTaken.test.tsx (15 tests) 1211ms
 ✓ tests/lab-02/AttachmentSection.test.tsx (5 tests) 2253ms
   ✓ AttachmentSection (UI-08, UI-09, UI-16) > UI-16: uploading state shows progress indicator with no actions 321ms
   ✓ AttachmentSection (UI-08, UI-09, UI-16) > handles soft removal with reason dialog 1545ms
 ✓ tests/lab-03/RequesterTicketDetailP10.test.tsx (4 tests) 1868ms
   ✓ RequesterTicketDetail P10 Features (Public Comments & Problem Appears Resolved) > allows submitting a new public comment 1549ms
 ✓ tests/lab-03/SessionTicketFlow.test.tsx (2 tests) 2859ms
   ✓ Phase F2 / P06 Session Identity in Requester Ticket Flow > submits ticket using authenticated session identity when legacy currentRequester is null 2673ms
 ✓ tests/lab-04/ZenGreenTokens.test.tsx (2 tests) 56ms
 ✓ tests/lab-04/DashboardRouting.test.tsx (3 tests) 190ms
 ✓ tests/lab-01/App.test.tsx (3 tests) 101ms
 ✓ tests/lab-02/AppShell.test.tsx (1 test) 175ms
 ✓ tests/lab-03/Login.test.tsx (5 tests) 3687ms
   ✓ Phase F2 / P06 UI-01, UI-02, UI-03 Login & Navigation Tests > UI-02: Login busy state and error alert banners > disables form controls during submit and shows error alert on failure 1438ms
   ✓ Phase F2 / P06 UI-01, UI-02, UI-03 Login & Navigation Tests > UI-02: Login busy state and error alert banners > displays rate-limit error banner on 429 status 866ms
   ✓ Phase F2 / P06 UI-01, UI-02, UI-03 Login & Navigation Tests > UI-02: Login busy state and error alert banners > calls onSuccess with role and mustChangePassword flag on successful login 1114ms
 ✓ tests/lab-02/RequesterSelection.test.tsx (4 tests) 459ms
 ✓ tests/lab-04/AppShellAccessibility.test.tsx (3 tests) 163ms
stderr | tests/lab-04/AppShellAccessibility.test.tsx
Error: Not implemented: navigation (except hash changes)
    at module.exports (D:\toktickit\client\node_modules\jsdom\lib\jsdom\browser\not-implemented.js:9:17)
    at navigateFetch (D:\toktickit\client\node_modules\jsdom\lib\jsdom\living\window\navigation.js:77:3)
    at exports.navigate (D:\toktickit\client\node_modules\jsdom\lib\jsdom\living\window\navigation.js:55:3)
    at Timeout._onTimeout (D:\toktickit\client\node_modules\jsdom\lib\jsdom\living\nodes\HTMLHyperlinkElementUtils-impl.js:81:7)
    at listOnTimeout (node:internal/timers:605:17)
    at processTimers (node:internal/timers:541:7) undefined
Error: Not implemented: navigation (except hash changes)
    at module.exports (D:\toktickit\client\node_modules\jsdom\lib\jsdom\browser\not-implemented.js:9:17)
    at navigateFetch (D:\toktickit\client\node_modules\jsdom\lib\jsdom\living\window\navigation.js:77:3)
    at exports.navigate (D:\toktickit\client\node_modules\jsdom\lib\jsdom\living\window\navigation.js:55:3)
    at Timeout._onTimeout (D:\toktickit\client\node_modules\jsdom\lib\jsdom\living\nodes\HTMLHyperlinkElementUtils-impl.js:81:7)
    at listOnTimeout (node:internal/timers:605:17)
    at processTimers (node:internal/timers:541:7) undefined
Error: Not implemented: navigation (except hash changes)
    at module.exports (D:\toktickit\client\node_modules\jsdom\lib\jsdom\browser\not-implemented.js:9:17)
    at navigateFetch (D:\toktickit\client\node_modules\jsdom\lib\jsdom\living\window\navigation.js:77:3)
    at exports.navigate (D:\toktickit\client\node_modules\jsdom\lib\jsdom\living\window\navigation.js:55:3)
    at Timeout._onTimeout (D:\toktickit\client\node_modules\jsdom\lib\jsdom\living\nodes\HTMLHyperlinkElementUtils-impl.js:81:7)
    at listOnTimeout (node:internal/timers:605:17)
    at processTimers (node:internal/timers:541:7) undefined

 ✓ tests/lab-02/MyTickets.test.tsx (6 tests) 3749ms
   ✓ My Tickets Screen (UI-05, UI-06, UI-14, STYLE-02) > UI-05: renders distinct Empty State vs. No-Results State with distinct icons, copy, and actions 1184ms
   ✓ My Tickets Screen (UI-05, UI-06, UI-14, STYLE-02) > UI-06: refreshes tickets on requester change without stale data retention (deferred and failure paths) 313ms
   ✓ My Tickets Screen (UI-05, UI-06, UI-14, STYLE-02) > UI-14: search, all filters (including IT Priority), sort toggle, page size, direct page numbers, Previous/Next, loading, and retry 1916ms
 ✓ tests/lab-03/ChangePassword.test.tsx (4 tests) 6075ms
   ✓ Phase F2 / P06 UI-13 Change Password Screen Tests > validates inline errors for empty fields, short password, and mismatched passwords without calling API 1584ms
   ✓ Phase F2 / P06 UI-13 Change Password Screen Tests > calls api.changePassword and onSuccess after successful update 1986ms
   ✓ Phase F2 / P06 UI-13 Change Password Screen Tests > cancels redirect timer and does not invoke onSuccess if unmounted before delay expires 2405ms
 ✓ tests/lab-03/UserManagement.test.tsx (11 tests) 7358ms
   ✓ UserManagement UI Tests (UI-09, UI-10, UI-11, UI-15) > UI-09: User Directory & Search > renders user table with all users 328ms
   ✓ UserManagement UI Tests (UI-09, UI-10, UI-11, UI-15) > UI-09: User Directory & Search > displays 'No users match your search' when search yields no results 1093ms
   ✓ UserManagement UI Tests (UI-09, UI-10, UI-11, UI-15) > UI-11: Add User Modal > validates required fields and short password 1237ms
   ✓ UserManagement UI Tests (UI-09, UI-10, UI-11, UI-15) > UI-11: Add User Modal > calls createAdminUser and refreshes list on valid submission 1406ms
   ✓ UserManagement UI Tests (UI-09, UI-10, UI-11, UI-15) > UI-15 & Invariants: Edit User & Self-Deactivation > disables Active toggle for logged-in admin with self-deactivation warning 325ms
   ✓ UserManagement UI Tests (UI-09, UI-10, UI-11, UI-15) > UI-15 & Invariants: Edit User & Self-Deactivation > allows editing other users and shows unassigned count notification 551ms
   ✓ UserManagement UI Tests (UI-09, UI-10, UI-11, UI-15) > Reset Password Modal > validates temporary password and calls resetAdminUserPassword 983ms
   ✓ UserManagement UI Tests (UI-09, UI-10, UI-11, UI-15) > Reset Password Modal > triggers logout and onNavigateToLogin when administrator performs self-reset 764ms
   ✓ UserManagement UI Tests (UI-09, UI-10, UI-11, UI-15) > Reset Password Modal > triggers logout and onNavigateToLogin when administrator performs self-demotion 490ms
 ✓ tests/lab-02/CreateTicket.test.tsx (9 tests) 8538ms
   ✓ Create Ticket Screen (UI-01 to UI-04, UI-12, UI-13, STYLE-01, STYLE-04) > UI-12: renders read-only system placeholders and loads reference dropdowns 379ms
   ✓ Create Ticket Screen (UI-01 to UI-04, UI-12, UI-13, STYLE-01, STYLE-04) > UI-01: renders field-level validation errors when submitted empty and prevents API call 313ms
   ✓ Create Ticket Screen (UI-01 to UI-04, UI-12, UI-13, STYLE-01, STYLE-04) > UI-02: disables submit button and all form controls during pending submission 2275ms
   ✓ Create Ticket Screen (UI-01 to UI-04, UI-12, UI-13, STYLE-01, STYLE-04) > UI-03: renders failure banner and preserves all entered field values when API fails 1345ms
   ✓ Create Ticket Screen (UI-01 to UI-04, UI-12, UI-13, STYLE-01, STYLE-04) > UI-13: displays backend Ticket Number as headline, Ticket Date, and retains requester identity 1158ms
   ✓ Create Ticket Screen (UI-01 to UI-04, UI-12, UI-13, STYLE-01, STYLE-04) > UI-18: preserves created Ticket Number on attachment failure and reports failed file with retry path 1315ms
   ✓ Create Ticket Screen (UI-01 to UI-04, UI-12, UI-13, STYLE-01, STYLE-04) > UI-18: disables navigation and action buttons while post-create attachments are uploading and displays progress 1271ms

 Test Files  21 passed (21)
      Tests  115 passed (115)
   Start at  17:48:45
   Duration  14.61s (transform 15.95s, setup 8.54s, collect 30.58s, tests 43.28s, environment 46.67s, prepare 5.81s)
