Verified disposable database: toktickit_test_f2_review_1790784843569

 RUN  v2.1.9 D:/toktickit/tmp/f3-pr51-fix/server

 ✓ tests/lab-04/actions-taken.api.test.ts (42 tests) 1262ms
 ✓ tests/lab-03/migration-regression.test.ts (13 tests) 2574ms
   ✓ Phase F2 / P03 Data Migration & Idempotent Seeding (AC-14–AC-18, AC-31, LCP-02) > MIG-03 & MIG-04 (AC-16, AC-17, R13, R14): Populated DB Data Preservation, Sequence Continuity & Credential Provisioning > proves populated DB data (users, tickets, attachments) is preserved across schema migration and seeding 390ms
   ✓ Phase F2 / P03 Data Migration & Idempotent Seeding (AC-14–AC-18, AC-31, LCP-02) > MIG-03 & MIG-04 (AC-16, AC-17, R13, R14): Populated DB Data Preservation, Sequence Continuity & Credential Provisioning > proves seed isolates identity and does not modify fields or add comments/notes to colliding tickets (e.g. TKT-2026-000008) 1063ms
 ✓ tests/lab-03/users-admin.api.test.ts (29 tests) 1557ms
 ✓ tests/lab-03/auth.api.test.ts (18 tests) 973ms
 ✓ tests/lab-04/migration-preservation.test.ts (5 tests) 536ms
 ✓ tests/lab-02/my-tickets.api.test.ts (8 tests) 434ms
 ✓ tests/lab-02/attachments.api.test.ts (19 tests) 498ms
(node:70996) [DEP0190] DeprecationWarning: Passing args to a child process with shell option true can lead to security vulnerabilities, as the arguments are not escaped, only concatenated.
(Use `node --trace-deprecation ...` to show where the warning was created)
 ✓ tests/lab-03/test-environment.test.ts (24 tests) 13285ms
   ✓ HARNESS-01 test-environment guard & isolation > HARNESS-01 integration: real path validation, worker propagation, and strict containment cleanup > proves at runtime via Playwright CLI that missing or dev DATABASE_URL_TEST is rejected and valid test DB succeeds 5468ms
   ✓ HARNESS-01 test-environment guard & isolation > HARNESS-01 integration: real path validation, worker propagation, and strict containment cleanup > proves Playwright worker execution and environment propagation at runtime without build artifacts 1815ms
   ✓ HARNESS-01 test-environment guard & isolation > HARNESS-01 integration: real path validation, worker propagation, and strict containment cleanup > strictly restricts skipping webServer to probe tests and rejects non-probe test suites 5991ms
 ✓ tests/lab-02/ownership-hardening.api.test.ts (37 tests) 427ms
 ✓ tests/lab-03/staff-ticket-detail.api.test.ts (18 tests) 407ms
 ✓ tests/lab-02/create-ticket.api.test.ts (11 tests) 280ms
 ✓ tests/lab-03/authorization.api.test.ts (10 tests) 448ms
 ✓ tests/lab-03/staff-queue.api.test.ts (15 tests) 392ms
 ✓ tests/lab-04/ticket-workflow.api.test.ts (10 tests) 959ms
   ✓ Phase F2 / L4-P06: Ticket Workflow & Resolution Gate > API-L4-25b: Status transitions matrix: verify all 47 rejected transitions 430ms
 ✓ tests/lab-03/requester-regression.api.test.ts (11 tests) 466ms
 ✓ tests/lab-03/comments-notes.api.test.ts (9 tests) 342ms
 ✓ tests/lab-04/staff-dashboard.api.test.ts (4 tests) 470ms
 ✓ tests/lab-02/ticket-detail.api.test.ts (5 tests) 188ms
 ✓ tests/lab-02/requester-middleware.api.test.ts (7 tests) 100ms
 ✓ tests/lab-04/requester-dashboard.api.test.ts (4 tests) 276ms
 ✓ tests/lab-04/action-validation.unit.test.ts (17 tests) 9ms
 ✓ tests/lab-03/workflow.unit.test.ts (6 tests) 9ms
 ✓ tests/lab-02/safe-filename.unit.test.ts (2 tests) 4ms
 ✓ tests/lab-02/ticket-number.unit.test.ts (4 tests) 5ms
 ✓ tests/lab-02/reference-data.api.test.ts (4 tests) 130ms
 ✓ tests/lab-02/validation.unit.test.ts (1 test) 3ms
 ✓ tests/lab-03/password.unit.test.ts (6 tests) 83ms
 ✓ tests/lab-02/pagination.unit.test.ts (1 test) 4ms
 ✓ tests/lab-02/requesters.api.test.ts (3 tests) 89ms
 ✓ tests/lab-01/health.test.ts (1 test) 25ms
 ✓ tests/lab-01/categories.test.ts (1 test) 78ms

 Test Files  31 passed (31)
      Tests  345 passed (345)
   Start at  17:49:21
   Duration  41.18s (transform 538ms, setup 388ms, collect 7.03s, tests 26.31s, environment 6ms, prepare 2.63s)
