
> toktickit-client@1.0.0 test
> vitest run


 RUN  v2.1.9 D:/toktickit/client

 ✓ tests/lab-04/Dashboard.test.tsx (5 tests) 219ms
 ✓ tests/lab-02/RouteGuard.test.tsx (4 tests) 150ms
 ✓ tests/lab-04/TicketWorkflow.test.tsx (5 tests) 549ms
 ✓ tests/lab-04/ActionsTaken.test.tsx (15 tests) 549ms
stderr | tests/lab-03/StaffTicketDetail.test.tsx > StaffTicketDetail UI Tests (UI-06, UI-07, UI-08) > UI-06: Staff Detail renders read-only info vs operational panels > renders loading state initially
Warning: An update to StaffTicketDetail inside a test was not wrapped in act(...).

When testing, code that causes React state updates should be wrapped into act(...):

act(() => {
  /* fire events that update state */
});
/* assert on the output */

This ensures that you're testing the behavior the user would see in the browser. Learn more at https://reactjs.org/link/wrap-tests-with-act
    at StaffTicketDetail (D:\toktickit\client\src\pages\StaffTicketDetail.tsx:16:30)
Warning: An update to StaffTicketDetail inside a test was not wrapped in act(...).

When testing, code that causes React state updates should be wrapped into act(...):

act(() => {
  /* fire events that update state */
});
/* assert on the output */

This ensures that you're testing the behavior the user would see in the browser. Learn more at https://reactjs.org/link/wrap-tests-with-act
    at StaffTicketDetail (D:\toktickit\client\src\pages\StaffTicketDetail.tsx:16:30)

stderr | tests/lab-03/StaffTicketQueue.test.tsx > StaffTicketQueue UI Tests (UI-04, UI-05) > UI-05: Queue loading, empty, and error states > renders loading spinner while fetching
Warning: An update to StaffTicketQueue inside a test was not wrapped in act(...).

When testing, code that causes React state updates should be wrapped into act(...):

act(() => {
  /* fire events that update state */
});
/* assert on the output */

This ensures that you're testing the behavior the user would see in the browser. Learn more at https://reactjs.org/link/wrap-tests-with-act
    at StaffTicketQueue (D:\toktickit\client\src\pages\StaffTicketQueue.tsx:9:29)
Warning: An update to StaffTicketQueue inside a test was not wrapped in act(...).

When testing, code that causes React state updates should be wrapped into act(...):

act(() => {
  /* fire events that update state */
});
/* assert on the output */

This ensures that you're testing the behavior the user would see in the browser. Learn more at https://reactjs.org/link/wrap-tests-with-act
    at StaffTicketQueue (D:\toktickit\client\src\pages\StaffTicketQueue.tsx:9:29)

 ✓ tests/lab-03/StaffTicketDetail.test.tsx (12 tests) 405ms
 ✓ tests/lab-02/RequesterSelection.test.tsx (4 tests) 400ms
 ✓ tests/lab-02/RequesterTicketDetail.test.tsx (5 tests) 469ms
 ✓ tests/lab-04/ZenGreenTokens.test.tsx (2 tests) 43ms
 ✓ tests/lab-04/DashboardRouting.test.tsx (3 tests) 113ms
 ✓ tests/lab-03/StaffTicketQueue.test.tsx (7 tests) 741ms
   ✓ StaffTicketQueue UI Tests (UI-04, UI-05) > UI-05: Queue loading, empty, and error states > shows clear-filters button when search is non-empty 550ms
 ✓ tests/lab-03/RequesterTicketDetailP10.test.tsx (4 tests) 807ms
   ✓ RequesterTicketDetail P10 Features (Public Comments & Problem Appears Resolved) > allows submitting a new public comment 630ms
 ✓ tests/lab-02/AppShell.test.tsx (1 test) 144ms
 ✓ tests/lab-02/AttachmentSection.test.tsx (5 tests) 909ms
   ✓ AttachmentSection (UI-08, UI-09, UI-16) > handles soft removal with reason dialog 537ms
 ✓ tests/lab-03/SessionTicketFlow.test.tsx (2 tests) 1211ms
   ✓ Phase F2 / P06 Session Identity in Requester Ticket Flow > submits ticket using authenticated session identity when legacy currentRequester is null 1064ms
 ✓ tests/lab-01/App.test.tsx (3 tests) 56ms
 ✓ tests/lab-04/AppShellAccessibility.test.tsx (3 tests) 94ms
stderr | tests/lab-04/AppShellAccessibility.test.tsx
Error: Not implemented: navigation (except hash changes)
    at module.exports (D:\toktickit\client\node_modules\jsdom\lib\jsdom\browser\not-implemented.js:9:17)
    at navigateFetch (D:\toktickit\client\node_modules\jsdom\lib\jsdom\living\window\navigation.js:77:3)
    at exports.navigate (D:\toktickit\client\node_modules\jsdom\lib\jsdom\living\window\navigation.js:55:3)
    at Timeout._onTimeout (D:\toktickit\client\node_modules\jsdom\lib\jsdom\living\nodes\HTMLHyperlinkElementUtils-impl.js:81:7)
    at listOnTimeout (node:internal/timers:605:17)
    at processTimers (node:internal/timers:541:7) undefined
Error: Not implemented: navigation (except hash changes)
    at module.exports (D:\toktickit\client\node_modules\jsdom\lib\jsdom\browser\not-implemented.js:9:17)
    at navigateFetch (D:\toktickit\client\node_modules\jsdom\lib\jsdom\living\window\navigation.js:77:3)
    at exports.navigate (D:\toktickit\client\node_modules\jsdom\lib\jsdom\living\window\navigation.js:55:3)
    at Timeout._onTimeout (D:\toktickit\client\node_modules\jsdom\lib\jsdom\living\nodes\HTMLHyperlinkElementUtils-impl.js:81:7)
    at listOnTimeout (node:internal/timers:605:17)
    at processTimers (node:internal/timers:541:7) undefined
Error: Not implemented: navigation (except hash changes)
    at module.exports (D:\toktickit\client\node_modules\jsdom\lib\jsdom\browser\not-implemented.js:9:17)
    at navigateFetch (D:\toktickit\client\node_modules\jsdom\lib\jsdom\living\window\navigation.js:77:3)
    at exports.navigate (D:\toktickit\client\node_modules\jsdom\lib\jsdom\living\window\navigation.js:55:3)
    at Timeout._onTimeout (D:\toktickit\client\node_modules\jsdom\lib\jsdom\living\nodes\HTMLHyperlinkElementUtils-impl.js:81:7)
    at listOnTimeout (node:internal/timers:605:17)
    at processTimers (node:internal/timers:541:7) undefined

 ✓ tests/lab-02/MyTickets.test.tsx (6 tests) 1672ms
   ✓ My Tickets Screen (UI-05, UI-06, UI-14, STYLE-02) > UI-05: renders distinct Empty State vs. No-Results State with distinct icons, copy, and actions 550ms
   ✓ My Tickets Screen (UI-05, UI-06, UI-14, STYLE-02) > UI-14: search, all filters (including IT Priority), sort toggle, page size, direct page numbers, Previous/Next, loading, and retry 806ms
 ✓ tests/lab-03/Login.test.tsx (5 tests) 1630ms
   ✓ Phase F2 / P06 UI-01, UI-02, UI-03 Login & Navigation Tests > UI-02: Login busy state and error alert banners > disables form controls during submit and shows error alert on failure 538ms
   ✓ Phase F2 / P06 UI-01, UI-02, UI-03 Login & Navigation Tests > UI-02: Login busy state and error alert banners > displays rate-limit error banner on 429 status 408ms
   ✓ Phase F2 / P06 UI-01, UI-02, UI-03 Login & Navigation Tests > UI-02: Login busy state and error alert banners > calls onSuccess with role and mustChangePassword flag on successful login 444ms
 ✓ tests/lab-03/ChangePassword.test.tsx (4 tests) 3594ms
   ✓ Phase F2 / P06 UI-13 Change Password Screen Tests > validates inline errors for empty fields, short password, and mismatched passwords without calling API 846ms
   ✓ Phase F2 / P06 UI-13 Change Password Screen Tests > calls api.changePassword and onSuccess after successful update 788ms
   ✓ Phase F2 / P06 UI-13 Change Password Screen Tests > cancels redirect timer and does not invoke onSuccess if unmounted before delay expires 1861ms
 ✓ tests/lab-03/UserManagement.test.tsx (11 tests) 4579ms
   ✓ UserManagement UI Tests (UI-09, UI-10, UI-11, UI-15) > UI-09: User Directory & Search > renders user table with all users 321ms
   ✓ UserManagement UI Tests (UI-09, UI-10, UI-11, UI-15) > UI-09: User Directory & Search > displays 'No users match your search' when search yields no results 533ms
   ✓ UserManagement UI Tests (UI-09, UI-10, UI-11, UI-15) > UI-11: Add User Modal > validates required fields and short password 481ms
   ✓ UserManagement UI Tests (UI-09, UI-10, UI-11, UI-15) > UI-11: Add User Modal > calls createAdminUser and refreshes list on valid submission 709ms
   ✓ UserManagement UI Tests (UI-09, UI-10, UI-11, UI-15) > UI-15 & Invariants: Edit User & Self-Deactivation > allows editing other users and shows unassigned count notification 425ms
   ✓ UserManagement UI Tests (UI-09, UI-10, UI-11, UI-15) > Reset Password Modal > validates temporary password and calls resetAdminUserPassword 736ms
   ✓ UserManagement UI Tests (UI-09, UI-10, UI-11, UI-15) > Reset Password Modal > triggers logout and onNavigateToLogin when administrator performs self-reset 549ms
   ✓ UserManagement UI Tests (UI-09, UI-10, UI-11, UI-15) > Reset Password Modal > triggers logout and onNavigateToLogin when administrator performs self-demotion 390ms
 ✓ tests/lab-02/CreateTicket.test.tsx (9 tests) 4634ms
   ✓ Create Ticket Screen (UI-01 to UI-04, UI-12, UI-13, STYLE-01, STYLE-04) > UI-02: disables submit button and all form controls during pending submission 949ms
   ✓ Create Ticket Screen (UI-01 to UI-04, UI-12, UI-13, STYLE-01, STYLE-04) > UI-03: renders failure banner and preserves all entered field values when API fails 772ms
   ✓ Create Ticket Screen (UI-01 to UI-04, UI-12, UI-13, STYLE-01, STYLE-04) > UI-13: displays backend Ticket Number as headline, Ticket Date, and retains requester identity 678ms
   ✓ Create Ticket Screen (UI-01 to UI-04, UI-12, UI-13, STYLE-01, STYLE-04) > UI-18: preserves created Ticket Number on attachment failure and reports failed file with retry path 800ms
   ✓ Create Ticket Screen (UI-01 to UI-04, UI-12, UI-13, STYLE-01, STYLE-04) > UI-18: disables navigation and action buttons while post-create attachments are uploading and displays progress 760ms

 Test Files  21 passed (21)
      Tests  115 passed (115)
   Start at  22:01:40
   Duration  22.90s (transform 2.13s, setup 37.12s, collect 42.52s, tests 22.97s, environment 184.48s, prepare 6.29s)
