Verified disposable database: toktickit_test_f2_review_1790784843569

 RUN  v2.1.9 D:/toktickit/server

 ✓ tests/lab-04/actions-taken.api.test.ts (42 tests) 1769ms
 ✓ tests/lab-03/migration-regression.test.ts (13 tests) 2400ms
   ✓ Phase F2 / P03 Data Migration & Idempotent Seeding (AC-14–AC-18, AC-31, LCP-02) > MIG-03 & MIG-04 (AC-16, AC-17, R13, R14): Populated DB Data Preservation, Sequence Continuity & Credential Provisioning > proves populated DB data (users, tickets, attachments) is preserved across schema migration and seeding 344ms
   ✓ Phase F2 / P03 Data Migration & Idempotent Seeding (AC-14–AC-18, AC-31, LCP-02) > MIG-03 & MIG-04 (AC-16, AC-17, R13, R14): Populated DB Data Preservation, Sequence Continuity & Credential Provisioning > proves seed isolates identity and does not modify fields or add comments/notes to colliding tickets (e.g. TKT-2026-000008) 941ms
 ✓ tests/lab-03/users-admin.api.test.ts (29 tests) 1684ms
 ✓ tests/lab-03/auth.api.test.ts (18 tests) 1101ms
 ✓ tests/lab-04/migration-preservation.test.ts (5 tests) 464ms
 ✓ tests/lab-02/my-tickets.api.test.ts (8 tests) 394ms
 ✓ tests/lab-02/attachments.api.test.ts (19 tests) 494ms
(node:96072) [DEP0190] DeprecationWarning: Passing args to a child process with shell option true can lead to security vulnerabilities, as the arguments are not escaped, only concatenated.
(Use `node --trace-deprecation ...` to show where the warning was created)
 ✓ tests/lab-03/test-environment.test.ts (24 tests) 21257ms
   ✓ HARNESS-01 test-environment guard & isolation > HARNESS-01 integration: real path validation, worker propagation, and strict containment cleanup > proves at runtime via Playwright CLI that missing or dev DATABASE_URL_TEST is rejected and valid test DB succeeds 15850ms
   ✓ HARNESS-01 test-environment guard & isolation > HARNESS-01 integration: real path validation, worker propagation, and strict containment cleanup > proves Playwright worker execution and environment propagation at runtime without build artifacts 1347ms
   ✓ HARNESS-01 test-environment guard & isolation > HARNESS-01 integration: real path validation, worker propagation, and strict containment cleanup > strictly restricts skipping webServer to probe tests and rejects non-probe test suites 4051ms
 ✓ tests/lab-02/ownership-hardening.api.test.ts (37 tests) 274ms
 ✓ tests/lab-03/staff-ticket-detail.api.test.ts (18 tests) 305ms
 ✓ tests/lab-02/create-ticket.api.test.ts (11 tests) 172ms
 ✓ tests/lab-03/authorization.api.test.ts (10 tests) 311ms
 ✓ tests/lab-03/staff-queue.api.test.ts (15 tests) 281ms
 ✓ tests/lab-04/ticket-workflow.api.test.ts (10 tests) 605ms
 ✓ tests/lab-03/requester-regression.api.test.ts (11 tests) 261ms
 ✓ tests/lab-03/comments-notes.api.test.ts (9 tests) 236ms
 ✓ tests/lab-04/staff-dashboard.api.test.ts (4 tests) 298ms
 ✓ tests/lab-02/ticket-detail.api.test.ts (5 tests) 120ms
 ✓ tests/lab-02/requester-middleware.api.test.ts (7 tests) 66ms
 ✓ tests/lab-04/requester-dashboard.api.test.ts (4 tests) 178ms
 ✓ tests/lab-04/action-validation.unit.test.ts (17 tests) 6ms
 ✓ tests/lab-03/workflow.unit.test.ts (6 tests) 5ms
stdout | tests/lab-04/database-recovery.test.ts > MIG-L4-02: disposable database and attachment recovery > restores schema, every row, sequence state and attachment bytes into a fresh database
MIG-L4-02 {"sourceDatabase":"toktickit_test_f2_review_1790784843569","restoredDatabase":"toktickit_test_restore_1790953346295_ae34e520","retainedForInspection":true,"databaseMatched":true,"filesMatched":true,"tables":[{"name":"ActionTaken","count":29,"sha256":"8d91731381893e069b8a79040e940a76e296cb04095a8809d28a0db7e9e983f5"},{"name":"Attachment","count":2,"sha256":"444ec5412ab1182354eb02626a81890c2971ff1eae91db7337f30c7e92aef710"},{"name":"Category","count":6,"sha256":"98f715f6f261c957bdc80f3f213519764bc053052c0e580cd60fc662b404b4ea"},{"name":"InternalNote","count":6,"sha256":"3604d2ee0d9afec53f8327ae1a943b3df4c29f171ca1fde099099005bbd41af7"},{"name":"PublicComment","count":6,"sha256":"17a02e5c931b95cf753e8753bf518090fbf39f6e57442aa08b1c52ca8c3b1142"},{"name":"RelatedSystem","count":9,"sha256":"17d586a9686c0ec4ff76fc94b530ded94e2e9ba1f2ecf74ed1c970fc01805d75"},{"name":"RequesterUser","count":17,"sha256":"41355a955e10c3ae5923fbc8613be65c45be7ffedd4df71fa46eb7ba982e6685"},{"name":"Session","count":41,"sha256":"be2b573c9f9b11f3373c77b661253cd56c9b4271b84b7c5bb412b41de01b8566"},{"name":"Ticket","count":33,"sha256":"49b6f4373cb3e7db3cdfade124e71eac8a23ad0e3960b8baa92559d9b1ca8ea4"},{"name":"_prisma_migrations","count":5,"sha256":"ab551f9dbfafa130fc00a98f490180097b835bd815505c02165704063e004d77"}],"schemaSha256":"b1ee889a9a89fd7e9d5f78da85ea707c04437f4b9f0db4b4732c6e7b8a1c20e1","sequencesSha256":"9907719900bf596f2acb7672096b6cff33d623997089ffb17cc4d451e2b6de3c","files":[{"path":"1790953316252-b4c78a-diagnostic_log.pdf","sha256":"82594c41fdcb92df009edd76bafbf133b31289f39704132076ccda901f70feba"},{"path":"1790953316276-04e8e7-image_2.png","sha256":"218ad85a233eff829618a6865ab681222b734c62d35a32b3eabd5c37d8945f86"},{"path":"1790953316292-3c7829-image_3.png","sha256":"218ad85a233eff829618a6865ab681222b734c62d35a32b3eabd5c37d8945f86"},{"path":"1790953316307-8f7a52-image_4.png","sha256":"218ad85a233eff829618a6865ab681222b734c62d35a32b3eabd5c37d8945f86"},{"path":"1790953316322-214a56-image_5.png","sha256":"218ad85a233eff829618a6865ab681222b734c62d35a32b3eabd5c37d8945f86"},{"path":"1790953316373-07dd09-concurrent_a.png","sha256":"218ad85a233eff829618a6865ab681222b734c62d35a32b3eabd5c37d8945f86"},{"path":"1790953342757-652a6f-sample.pdf","sha256":"2ab94463e399ce58a21df28c88b429dd6c64637faadd1de7d8d44f10e4132415"},{"path":"1790953342801-0c0f38-secret.pdf","sha256":"2ab94463e399ce58a21df28c88b429dd6c64637faadd1de7d8d44f10e4132415"},{"path":"recovery-080af4d8-ae25-4ffe-96ea-7e55b31a483d-active.txt","sha256":"91c375e70eb7b93339fb13b2c95634b39ffe9d5e50df152541f974ac774b13d9"},{"path":"recovery-080af4d8-ae25-4ffe-96ea-7e55b31a483d-removed.txt","sha256":"d4b44602d0b90c752340c06d2790e9cb96fd66e914d7f5422f387a01f9be7c34"}],"dumpSha256":"03d6b2cca7c5db90e5c39a5bd25ec2c1c666a14311cd1eac1db885d314d0a5b1","dumpVersion":"pg_dump (PostgreSQL) 18.1","restoreVersion":"pg_restore (PostgreSQL) 18.1","serverVersion":160014,"restoreMethod":"pg_restore SQL + psql --single-transaction; omitted unsupported SET transaction_timeout=0","durationMs":838}

 ✓ tests/lab-04/database-recovery.test.ts (1 test) 1176ms
   ✓ MIG-L4-02: disposable database and attachment recovery > restores schema, every row, sequence state and attachment bytes into a fresh database 1175ms
stdout | tests/lab-04/performance-smoke.test.ts > PERF-L4-01: dashboard performance with 500 tickets / 1000 actions > staff: 5 warm-ups + 50 samples, p95 < 200ms
PERF-L4-01 {"role":"staff","fixtureTickets":500,"fixtureActions":1000,"warmups":5,"samples":50,"p95Ms":14.205900000000156,"maxMs":16.743100000000027,"sampleMs":[13.68139999999994,13.788200000000074,12.74090000000001,12.467199999999934,13.047900000000027,12.701099999999997,11.988200000000006,13.287799999999947,13.846900000000005,12.841199999999958,12.646299999999997,12.459199999999896,12.628999999999905,12.673800000000028,13.145600000000059,13.393899999999917,12.825500000000034,16.743100000000027,13.691699999999969,12.816799999999944,13.229299999999967,12.669299999999907,13.413999999999987,12.778299999999945,11.95029999999997,12.214799999999968,12.323799999999892,13.249599999999873,14.016799999999876,12.386400000000094,14.044499999999971,12.916999999999916,12.79989999999998,13.964299999999866,13.185599999999795,14.641200000000026,12.5003999999999,13.190799999999854,12.28430000000003,11.998100000000022,11.780500000000075,11.313599999999951,11.628500000000031,12.945500000000038,14.205900000000156,13.71810000000005,12.554599999999937,11.456500000000005,11.476200000000063,11.278499999999894]}

stdout | tests/lab-04/performance-smoke.test.ts > PERF-L4-01: dashboard performance with 500 tickets / 1000 actions > requester: 5 warm-ups + 50 samples, p95 < 200ms
PERF-L4-01 {"role":"requester","fixtureTickets":500,"fixtureActions":1000,"warmups":5,"samples":50,"p95Ms":10.3433,"maxMs":16.05469999999991,"sampleMs":[9.520300000000134,8.774400000000014,8.578500000000076,8.44029999999998,8.509600000000091,8.098999999999933,8.113799999999856,8.807900000000018,8.341899999999896,7.959999999999809,8.216000000000122,8.326399999999921,8.710199999999986,8.189599999999928,8.032600000000002,8.337300000000141,7.899899999999889,9.02189999999996,7.720599999999877,8.12110000000007,8.705900000000156,7.932499999999891,8.198499999999967,8.548800000000028,8.662599999999884,8.068499999999858,7.634300000000167,7.874900000000025,8.110400000000027,7.89689999999996,7.730299999999943,10.844900000000052,8.248100000000022,8.086699999999837,8.395899999999983,8.298400000000129,8.378300000000081,8.440200000000004,8.478599999999915,8.606399999999894,9.109399999999823,16.05469999999991,9.385400000000118,9.061999999999898,8.483400000000074,8.29300000000012,9.725599999999986,8.380899999999883,8.52110000000016,10.3433]}

 ✓ tests/lab-04/performance-smoke.test.ts (2 tests) 1558ms
   ✓ PERF-L4-01: dashboard performance with 500 tickets / 1000 actions > staff: 5 warm-ups + 50 samples, p95 < 200ms 735ms
   ✓ PERF-L4-01: dashboard performance with 500 tickets / 1000 actions > requester: 5 warm-ups + 50 samples, p95 < 200ms 483ms
 ✓ tests/lab-02/safe-filename.unit.test.ts (2 tests) 3ms
 ✓ tests/lab-02/ticket-number.unit.test.ts (4 tests) 5ms
 ✓ tests/lab-02/reference-data.api.test.ts (4 tests) 86ms
 ✓ tests/lab-02/validation.unit.test.ts (1 test) 2ms
 ✓ tests/lab-03/password.unit.test.ts (6 tests) 65ms
 ✓ tests/lab-02/pagination.unit.test.ts (1 test) 2ms
 ✓ tests/lab-02/requesters.api.test.ts (3 tests) 54ms
 ✓ tests/lab-04/recovery-safety.unit.test.ts (1 test) 3ms
 ✓ tests/lab-01/health.test.ts (1 test) 15ms
 ✓ tests/lab-01/categories.test.ts (1 test) 51ms

 Test Files  34 passed (34)
      Tests  349 passed (349)
   Start at  22:01:39
   Duration  52.68s (transform 488ms, setup 325ms, collect 10.28s, tests 35.70s, environment 5ms, prepare 2.42s)
